Archive member included to satisfy reference by file (symbol)

c:/program files (x86)/atmel/studio/7.0/toolchain/avr8/avr8-gnu-toolchain/bin/../lib/gcc/avr/5.4.0/avr35\libgcc.a(_exit.o)
                              C:/Program Files (x86)/Atmel/Studio/7.0/Packs/atmel/ATmega_DFP/1.3.300/gcc/dev/atmega32u2/avr35/crtatmega32u2.o (exit)
c:/program files (x86)/atmel/studio/7.0/toolchain/avr8/avr8-gnu-toolchain/bin/../lib/gcc/avr/5.4.0/avr35\libgcc.a(_tablejump2.o)
                              sboxnet2usb.o (__tablejump2__)
c:/program files (x86)/atmel/studio/7.0/toolchain/avr8/avr8-gnu-toolchain/bin/../lib/gcc/avr/5.4.0/avr35\libgcc.a(_copy_data.o)
                              sboxnet2usb.o (__do_copy_data)
c:/program files (x86)/atmel/studio/7.0/toolchain/avr8/avr8-gnu-toolchain/bin/../lib/gcc/avr/5.4.0/avr35\libgcc.a(_clear_bss.o)
                              sboxnet2usb.o (__do_clear_bss)
c:/program files (x86)/atmel/studio/7.0/toolchain/avr8/avr8-gnu-toolchain/bin/../lib/gcc/avr/5.4.0/../../../../avr/lib/avr35\libc.a(memset.o)
                              sboxnet2usb.o (memset)
C:/Program Files (x86)/Atmel/Studio/7.0/Packs/atmel/ATmega_DFP/1.3.300/gcc/dev/atmega32u2/avr35\libatmega32u2.a(eerd_byte.o)
                              sboxnet2usb.o (eeprom_read_byte)
C:/Program Files (x86)/Atmel/Studio/7.0/Packs/atmel/ATmega_DFP/1.3.300/gcc/dev/atmega32u2/avr35\libatmega32u2.a(eerd_word.o)
                              sboxnet2usb.o (eeprom_read_word)
C:/Program Files (x86)/Atmel/Studio/7.0/Packs/atmel/ATmega_DFP/1.3.300/gcc/dev/atmega32u2/avr35\libatmega32u2.a(eeupd_block.o)
                              sboxnet2usb.o (eeprom_update_block)
C:/Program Files (x86)/Atmel/Studio/7.0/Packs/atmel/ATmega_DFP/1.3.300/gcc/dev/atmega32u2/avr35\libatmega32u2.a(eeupd_byte.o)
                              sboxnet2usb.o (eeprom_update_byte)
C:/Program Files (x86)/Atmel/Studio/7.0/Packs/atmel/ATmega_DFP/1.3.300/gcc/dev/atmega32u2/avr35\libatmega32u2.a(eeupd_word.o)
                              sboxnet2usb.o (eeprom_update_word)
C:/Program Files (x86)/Atmel/Studio/7.0/Packs/atmel/ATmega_DFP/1.3.300/gcc/dev/atmega32u2/avr35\libatmega32u2.a(eerd_block.o)
                              C:/Program Files (x86)/Atmel/Studio/7.0/Packs/atmel/ATmega_DFP/1.3.300/gcc/dev/atmega32u2/avr35\libatmega32u2.a(eerd_word.o) (eeprom_read_blraw)

Allocating common symbols
Common symbol       size              file

g_sboxnet_addr      0x1               sboxnet2usb.o
g_sboxnet           0x233             sboxnet2usb.o
g_usb_dev           0xd               sboxnet2usb.o

Discarded input sections

 .data          0x00000000        0x0 C:/Program Files (x86)/Atmel/Studio/7.0/Packs/atmel/ATmega_DFP/1.3.300/gcc/dev/atmega32u2/avr35/crtatmega32u2.o
 .bss           0x00000000        0x0 C:/Program Files (x86)/Atmel/Studio/7.0/Packs/atmel/ATmega_DFP/1.3.300/gcc/dev/atmega32u2/avr35/crtatmega32u2.o
 .group         0x00000000        0x8 sboxnet2usb.o
 .group         0x00000000        0x8 sboxnet2usb.o
 .group         0x00000000        0x8 sboxnet2usb.o
 .group         0x00000000        0x8 sboxnet2usb.o
 .group         0x00000000        0x8 sboxnet2usb.o
 .group         0x00000000        0x8 sboxnet2usb.o
 .group         0x00000000        0x8 sboxnet2usb.o
 .group         0x00000000        0x8 sboxnet2usb.o
 .group         0x00000000        0x8 sboxnet2usb.o
 .group         0x00000000        0x8 sboxnet2usb.o
 .group         0x00000000        0x8 sboxnet2usb.o
 .group         0x00000000        0x8 sboxnet2usb.o
 .group         0x00000000        0x8 sboxnet2usb.o
 .group         0x00000000        0x8 sboxnet2usb.o
 .group         0x00000000        0x8 sboxnet2usb.o
 .group         0x00000000        0x8 sboxnet2usb.o
 .group         0x00000000        0x8 sboxnet2usb.o
 .group         0x00000000        0x8 sboxnet2usb.o
 .group         0x00000000        0x8 sboxnet2usb.o
 .group         0x00000000        0x8 sboxnet2usb.o
 .group         0x00000000        0x8 sboxnet2usb.o
 .group         0x00000000        0x8 sboxnet2usb.o
 .group         0x00000000        0x8 sboxnet2usb.o
 .group         0x00000000        0x8 sboxnet2usb.o
 .group         0x00000000        0x8 sboxnet2usb.o
 .group         0x00000000        0x8 sboxnet2usb.o
 .group         0x00000000        0x8 sboxnet2usb.o
 .group         0x00000000        0x8 sboxnet2usb.o
 .group         0x00000000        0x8 sboxnet2usb.o
 .group         0x00000000        0x8 sboxnet2usb.o
 .group         0x00000000        0x8 sboxnet2usb.o
 .group         0x00000000        0x8 sboxnet2usb.o
 .group         0x00000000        0x8 sboxnet2usb.o
 .group         0x00000000        0x8 sboxnet2usb.o
 .group         0x00000000        0x8 sboxnet2usb.o
 .group         0x00000000        0x8 sboxnet2usb.o
 .text          0x00000000        0x0 sboxnet2usb.o
 .data          0x00000000        0x0 sboxnet2usb.o
 .bss           0x00000000        0x0 sboxnet2usb.o
 .text.usb_ep_send_in_data
                0x00000000       0xee sboxnet2usb.o
 .text.usb_event_set_configuration
                0x00000000        0x2 sboxnet2usb.o
 .bss.t2        0x00000000        0x1 sboxnet2usb.o
 .bss.t1        0x00000000        0x1 sboxnet2usb.o
 .text          0x00000000        0x0 c:/program files (x86)/atmel/studio/7.0/toolchain/avr8/avr8-gnu-toolchain/bin/../lib/gcc/avr/5.4.0/avr35\libgcc.a(_exit.o)
 .data          0x00000000        0x0 c:/program files (x86)/atmel/studio/7.0/toolchain/avr8/avr8-gnu-toolchain/bin/../lib/gcc/avr/5.4.0/avr35\libgcc.a(_exit.o)
 .bss           0x00000000        0x0 c:/program files (x86)/atmel/studio/7.0/toolchain/avr8/avr8-gnu-toolchain/bin/../lib/gcc/avr/5.4.0/avr35\libgcc.a(_exit.o)
 .text.libgcc.mul
                0x00000000        0x0 c:/program files (x86)/atmel/studio/7.0/toolchain/avr8/avr8-gnu-toolchain/bin/../lib/gcc/avr/5.4.0/avr35\libgcc.a(_exit.o)
 .text.libgcc.div
                0x00000000        0x0 c:/program files (x86)/atmel/studio/7.0/toolchain/avr8/avr8-gnu-toolchain/bin/../lib/gcc/avr/5.4.0/avr35\libgcc.a(_exit.o)
 .text.libgcc   0x00000000        0x0 c:/program files (x86)/atmel/studio/7.0/toolchain/avr8/avr8-gnu-toolchain/bin/../lib/gcc/avr/5.4.0/avr35\libgcc.a(_exit.o)
 .text.libgcc.prologue
                0x00000000        0x0 c:/program files (x86)/atmel/studio/7.0/toolchain/avr8/avr8-gnu-toolchain/bin/../lib/gcc/avr/5.4.0/avr35\libgcc.a(_exit.o)
 .text.libgcc.builtins
                0x00000000        0x0 c:/program files (x86)/atmel/studio/7.0/toolchain/avr8/avr8-gnu-toolchain/bin/../lib/gcc/avr/5.4.0/avr35\libgcc.a(_exit.o)
 .text.libgcc.fmul
                0x00000000        0x0 c:/program files (x86)/atmel/studio/7.0/toolchain/avr8/avr8-gnu-toolchain/bin/../lib/gcc/avr/5.4.0/avr35\libgcc.a(_exit.o)
 .text.libgcc.fixed
                0x00000000        0x0 c:/program files (x86)/atmel/studio/7.0/toolchain/avr8/avr8-gnu-toolchain/bin/../lib/gcc/avr/5.4.0/avr35\libgcc.a(_exit.o)
 .text          0x00000000        0x0 c:/program files (x86)/atmel/studio/7.0/toolchain/avr8/avr8-gnu-toolchain/bin/../lib/gcc/avr/5.4.0/avr35\libgcc.a(_tablejump2.o)
 .data          0x00000000        0x0 c:/program files (x86)/atmel/studio/7.0/toolchain/avr8/avr8-gnu-toolchain/bin/../lib/gcc/avr/5.4.0/avr35\libgcc.a(_tablejump2.o)
 .bss           0x00000000        0x0 c:/program files (x86)/atmel/studio/7.0/toolchain/avr8/avr8-gnu-toolchain/bin/../lib/gcc/avr/5.4.0/avr35\libgcc.a(_tablejump2.o)
 .text.libgcc.mul
                0x00000000        0x0 c:/program files (x86)/atmel/studio/7.0/toolchain/avr8/avr8-gnu-toolchain/bin/../lib/gcc/avr/5.4.0/avr35\libgcc.a(_tablejump2.o)
 .text.libgcc.div
                0x00000000        0x0 c:/program files (x86)/atmel/studio/7.0/toolchain/avr8/avr8-gnu-toolchain/bin/../lib/gcc/avr/5.4.0/avr35\libgcc.a(_tablejump2.o)
 .text.libgcc.prologue
                0x00000000        0x0 c:/program files (x86)/atmel/studio/7.0/toolchain/avr8/avr8-gnu-toolchain/bin/../lib/gcc/avr/5.4.0/avr35\libgcc.a(_tablejump2.o)
 .text.libgcc.builtins
                0x00000000        0x0 c:/program files (x86)/atmel/studio/7.0/toolchain/avr8/avr8-gnu-toolchain/bin/../lib/gcc/avr/5.4.0/avr35\libgcc.a(_tablejump2.o)
 .text.libgcc.fmul
                0x00000000        0x0 c:/program files (x86)/atmel/studio/7.0/toolchain/avr8/avr8-gnu-toolchain/bin/../lib/gcc/avr/5.4.0/avr35\libgcc.a(_tablejump2.o)
 .text.libgcc.fixed
                0x00000000        0x0 c:/program files (x86)/atmel/studio/7.0/toolchain/avr8/avr8-gnu-toolchain/bin/../lib/gcc/avr/5.4.0/avr35\libgcc.a(_tablejump2.o)
 .text          0x00000000        0x0 c:/program files (x86)/atmel/studio/7.0/toolchain/avr8/avr8-gnu-toolchain/bin/../lib/gcc/avr/5.4.0/avr35\libgcc.a(_copy_data.o)
 .data          0x00000000        0x0 c:/program files (x86)/atmel/studio/7.0/toolchain/avr8/avr8-gnu-toolchain/bin/../lib/gcc/avr/5.4.0/avr35\libgcc.a(_copy_data.o)
 .bss           0x00000000        0x0 c:/program files (x86)/atmel/studio/7.0/toolchain/avr8/avr8-gnu-toolchain/bin/../lib/gcc/avr/5.4.0/avr35\libgcc.a(_copy_data.o)
 .text.libgcc.mul
                0x00000000        0x0 c:/program files (x86)/atmel/studio/7.0/toolchain/avr8/avr8-gnu-toolchain/bin/../lib/gcc/avr/5.4.0/avr35\libgcc.a(_copy_data.o)
 .text.libgcc.div
                0x00000000        0x0 c:/program files (x86)/atmel/studio/7.0/toolchain/avr8/avr8-gnu-toolchain/bin/../lib/gcc/avr/5.4.0/avr35\libgcc.a(_copy_data.o)
 .text.libgcc   0x00000000        0x0 c:/program files (x86)/atmel/studio/7.0/toolchain/avr8/avr8-gnu-toolchain/bin/../lib/gcc/avr/5.4.0/avr35\libgcc.a(_copy_data.o)
 .text.libgcc.prologue
                0x00000000        0x0 c:/program files (x86)/atmel/studio/7.0/toolchain/avr8/avr8-gnu-toolchain/bin/../lib/gcc/avr/5.4.0/avr35\libgcc.a(_copy_data.o)
 .text.libgcc.builtins
                0x00000000        0x0 c:/program files (x86)/atmel/studio/7.0/toolchain/avr8/avr8-gnu-toolchain/bin/../lib/gcc/avr/5.4.0/avr35\libgcc.a(_copy_data.o)
 .text.libgcc.fmul
                0x00000000        0x0 c:/program files (x86)/atmel/studio/7.0/toolchain/avr8/avr8-gnu-toolchain/bin/../lib/gcc/avr/5.4.0/avr35\libgcc.a(_copy_data.o)
 .text.libgcc.fixed
                0x00000000        0x0 c:/program files (x86)/atmel/studio/7.0/toolchain/avr8/avr8-gnu-toolchain/bin/../lib/gcc/avr/5.4.0/avr35\libgcc.a(_copy_data.o)
 .text          0x00000000        0x0 c:/program files (x86)/atmel/studio/7.0/toolchain/avr8/avr8-gnu-toolchain/bin/../lib/gcc/avr/5.4.0/avr35\libgcc.a(_clear_bss.o)
 .data          0x00000000        0x0 c:/program files (x86)/atmel/studio/7.0/toolchain/avr8/avr8-gnu-toolchain/bin/../lib/gcc/avr/5.4.0/avr35\libgcc.a(_clear_bss.o)
 .bss           0x00000000        0x0 c:/program files (x86)/atmel/studio/7.0/toolchain/avr8/avr8-gnu-toolchain/bin/../lib/gcc/avr/5.4.0/avr35\libgcc.a(_clear_bss.o)
 .text.libgcc.mul
                0x00000000        0x0 c:/program files (x86)/atmel/studio/7.0/toolchain/avr8/avr8-gnu-toolchain/bin/../lib/gcc/avr/5.4.0/avr35\libgcc.a(_clear_bss.o)
 .text.libgcc.div
                0x00000000        0x0 c:/program files (x86)/atmel/studio/7.0/toolchain/avr8/avr8-gnu-toolchain/bin/../lib/gcc/avr/5.4.0/avr35\libgcc.a(_clear_bss.o)
 .text.libgcc   0x00000000        0x0 c:/program files (x86)/atmel/studio/7.0/toolchain/avr8/avr8-gnu-toolchain/bin/../lib/gcc/avr/5.4.0/avr35\libgcc.a(_clear_bss.o)
 .text.libgcc.prologue
                0x00000000        0x0 c:/program files (x86)/atmel/studio/7.0/toolchain/avr8/avr8-gnu-toolchain/bin/../lib/gcc/avr/5.4.0/avr35\libgcc.a(_clear_bss.o)
 .text.libgcc.builtins
                0x00000000        0x0 c:/program files (x86)/atmel/studio/7.0/toolchain/avr8/avr8-gnu-toolchain/bin/../lib/gcc/avr/5.4.0/avr35\libgcc.a(_clear_bss.o)
 .text.libgcc.fmul
                0x00000000        0x0 c:/program files (x86)/atmel/studio/7.0/toolchain/avr8/avr8-gnu-toolchain/bin/../lib/gcc/avr/5.4.0/avr35\libgcc.a(_clear_bss.o)
 .text.libgcc.fixed
                0x00000000        0x0 c:/program files (x86)/atmel/studio/7.0/toolchain/avr8/avr8-gnu-toolchain/bin/../lib/gcc/avr/5.4.0/avr35\libgcc.a(_clear_bss.o)
 .text          0x00000000        0x0 c:/program files (x86)/atmel/studio/7.0/toolchain/avr8/avr8-gnu-toolchain/bin/../lib/gcc/avr/5.4.0/../../../../avr/lib/avr35\libc.a(memset.o)
 .data          0x00000000        0x0 c:/program files (x86)/atmel/studio/7.0/toolchain/avr8/avr8-gnu-toolchain/bin/../lib/gcc/avr/5.4.0/../../../../avr/lib/avr35\libc.a(memset.o)
 .bss           0x00000000        0x0 c:/program files (x86)/atmel/studio/7.0/toolchain/avr8/avr8-gnu-toolchain/bin/../lib/gcc/avr/5.4.0/../../../../avr/lib/avr35\libc.a(memset.o)
 .text          0x00000000        0x0 C:/Program Files (x86)/Atmel/Studio/7.0/Packs/atmel/ATmega_DFP/1.3.300/gcc/dev/atmega32u2/avr35\libatmega32u2.a(eerd_byte.o)
 .data          0x00000000        0x0 C:/Program Files (x86)/Atmel/Studio/7.0/Packs/atmel/ATmega_DFP/1.3.300/gcc/dev/atmega32u2/avr35\libatmega32u2.a(eerd_byte.o)
 .bss           0x00000000        0x0 C:/Program Files (x86)/Atmel/Studio/7.0/Packs/atmel/ATmega_DFP/1.3.300/gcc/dev/atmega32u2/avr35\libatmega32u2.a(eerd_byte.o)
 .text          0x00000000        0x0 C:/Program Files (x86)/Atmel/Studio/7.0/Packs/atmel/ATmega_DFP/1.3.300/gcc/dev/atmega32u2/avr35\libatmega32u2.a(eerd_word.o)
 .data          0x00000000        0x0 C:/Program Files (x86)/Atmel/Studio/7.0/Packs/atmel/ATmega_DFP/1.3.300/gcc/dev/atmega32u2/avr35\libatmega32u2.a(eerd_word.o)
 .bss           0x00000000        0x0 C:/Program Files (x86)/Atmel/Studio/7.0/Packs/atmel/ATmega_DFP/1.3.300/gcc/dev/atmega32u2/avr35\libatmega32u2.a(eerd_word.o)
 .text          0x00000000        0x0 C:/Program Files (x86)/Atmel/Studio/7.0/Packs/atmel/ATmega_DFP/1.3.300/gcc/dev/atmega32u2/avr35\libatmega32u2.a(eeupd_block.o)
 .data          0x00000000        0x0 C:/Program Files (x86)/Atmel/Studio/7.0/Packs/atmel/ATmega_DFP/1.3.300/gcc/dev/atmega32u2/avr35\libatmega32u2.a(eeupd_block.o)
 .bss           0x00000000        0x0 C:/Program Files (x86)/Atmel/Studio/7.0/Packs/atmel/ATmega_DFP/1.3.300/gcc/dev/atmega32u2/avr35\libatmega32u2.a(eeupd_block.o)
 .text          0x00000000        0x0 C:/Program Files (x86)/Atmel/Studio/7.0/Packs/atmel/ATmega_DFP/1.3.300/gcc/dev/atmega32u2/avr35\libatmega32u2.a(eeupd_byte.o)
 .data          0x00000000        0x0 C:/Program Files (x86)/Atmel/Studio/7.0/Packs/atmel/ATmega_DFP/1.3.300/gcc/dev/atmega32u2/avr35\libatmega32u2.a(eeupd_byte.o)
 .bss           0x00000000        0x0 C:/Program Files (x86)/Atmel/Studio/7.0/Packs/atmel/ATmega_DFP/1.3.300/gcc/dev/atmega32u2/avr35\libatmega32u2.a(eeupd_byte.o)
 .text          0x00000000        0x0 C:/Program Files (x86)/Atmel/Studio/7.0/Packs/atmel/ATmega_DFP/1.3.300/gcc/dev/atmega32u2/avr35\libatmega32u2.a(eeupd_word.o)
 .data          0x00000000        0x0 C:/Program Files (x86)/Atmel/Studio/7.0/Packs/atmel/ATmega_DFP/1.3.300/gcc/dev/atmega32u2/avr35\libatmega32u2.a(eeupd_word.o)
 .bss           0x00000000        0x0 C:/Program Files (x86)/Atmel/Studio/7.0/Packs/atmel/ATmega_DFP/1.3.300/gcc/dev/atmega32u2/avr35\libatmega32u2.a(eeupd_word.o)
 .text          0x00000000        0x0 C:/Program Files (x86)/Atmel/Studio/7.0/Packs/atmel/ATmega_DFP/1.3.300/gcc/dev/atmega32u2/avr35\libatmega32u2.a(eerd_block.o)
 .data          0x00000000        0x0 C:/Program Files (x86)/Atmel/Studio/7.0/Packs/atmel/ATmega_DFP/1.3.300/gcc/dev/atmega32u2/avr35\libatmega32u2.a(eerd_block.o)
 .bss           0x00000000        0x0 C:/Program Files (x86)/Atmel/Studio/7.0/Packs/atmel/ATmega_DFP/1.3.300/gcc/dev/atmega32u2/avr35\libatmega32u2.a(eerd_block.o)

Memory Configuration

Name             Origin             Length             Attributes
text             0x00000000         0x00010000         xr
data             0x00800060         0x0000ffa0         rw !x
eeprom           0x00810000         0x00010000         rw !x
fuse             0x00820000         0x00000003         rw !x
lock             0x00830000         0x00000400         rw !x
signature        0x00840000         0x00000400         rw !x
user_signatures  0x00850000         0x00000400         rw !x
*default*        0x00000000         0xffffffff

Linker script and memory map

Address of section .data set to 0x800100
LOAD C:/Program Files (x86)/Atmel/Studio/7.0/Packs/atmel/ATmega_DFP/1.3.300/gcc/dev/atmega32u2/avr35/crtatmega32u2.o
LOAD sboxnet2usb.o
START GROUP
END GROUP
START GROUP
LOAD c:/program files (x86)/atmel/studio/7.0/toolchain/avr8/avr8-gnu-toolchain/bin/../lib/gcc/avr/5.4.0/avr35\libgcc.a
LOAD c:/program files (x86)/atmel/studio/7.0/toolchain/avr8/avr8-gnu-toolchain/bin/../lib/gcc/avr/5.4.0/../../../../avr/lib/avr35\libm.a
LOAD c:/program files (x86)/atmel/studio/7.0/toolchain/avr8/avr8-gnu-toolchain/bin/../lib/gcc/avr/5.4.0/../../../../avr/lib/avr35\libc.a
LOAD C:/Program Files (x86)/Atmel/Studio/7.0/Packs/atmel/ATmega_DFP/1.3.300/gcc/dev/atmega32u2/avr35\libatmega32u2.a
END GROUP
                0x00000000                __TEXT_REGION_ORIGIN__ = DEFINED (__TEXT_REGION_ORIGIN__)?__TEXT_REGION_ORIGIN__:0x0
                0x00800060                __DATA_REGION_ORIGIN__ = DEFINED (__DATA_REGION_ORIGIN__)?__DATA_REGION_ORIGIN__:0x800060
                0x00010000                __TEXT_REGION_LENGTH__ = DEFINED (__TEXT_REGION_LENGTH__)?__TEXT_REGION_LENGTH__:0x10000
                0x0000ffa0                __DATA_REGION_LENGTH__ = DEFINED (__DATA_REGION_LENGTH__)?__DATA_REGION_LENGTH__:0xffa0
                0x00010000                __EEPROM_REGION_LENGTH__ = DEFINED (__EEPROM_REGION_LENGTH__)?__EEPROM_REGION_LENGTH__:0x10000
                [0x00000003]                __FUSE_REGION_LENGTH__ = DEFINED (__FUSE_REGION_LENGTH__)?__FUSE_REGION_LENGTH__:0x400
                0x00000400                __LOCK_REGION_LENGTH__ = DEFINED (__LOCK_REGION_LENGTH__)?__LOCK_REGION_LENGTH__:0x400
                0x00000400                __SIGNATURE_REGION_LENGTH__ = DEFINED (__SIGNATURE_REGION_LENGTH__)?__SIGNATURE_REGION_LENGTH__:0x400
                0x00000400                __USER_SIGNATURE_REGION_LENGTH__ = DEFINED (__USER_SIGNATURE_REGION_LENGTH__)?__USER_SIGNATURE_REGION_LENGTH__:0x400

.hash
 *(.hash)

.dynsym
 *(.dynsym)

.dynstr
 *(.dynstr)

.gnu.version
 *(.gnu.version)

.gnu.version_d
 *(.gnu.version_d)

.gnu.version_r
 *(.gnu.version_r)

.rel.init
 *(.rel.init)

.rela.init
 *(.rela.init)

.rel.text
 *(.rel.text)
 *(.rel.text.*)
 *(.rel.gnu.linkonce.t*)

.rela.text
 *(.rela.text)
 *(.rela.text.*)
 *(.rela.gnu.linkonce.t*)

.rel.fini
 *(.rel.fini)

.rela.fini
 *(.rela.fini)

.rel.rodata
 *(.rel.rodata)
 *(.rel.rodata.*)
 *(.rel.gnu.linkonce.r*)

.rela.rodata
 *(.rela.rodata)
 *(.rela.rodata.*)
 *(.rela.gnu.linkonce.r*)

.rel.data
 *(.rel.data)
 *(.rel.data.*)
 *(.rel.gnu.linkonce.d*)

.rela.data
 *(.rela.data)
 *(.rela.data.*)
 *(.rela.gnu.linkonce.d*)

.rel.ctors
 *(.rel.ctors)

.rela.ctors
 *(.rela.ctors)

.rel.dtors
 *(.rel.dtors)

.rela.dtors
 *(.rela.dtors)

.rel.got
 *(.rel.got)

.rela.got
 *(.rela.got)

.rel.bss
 *(.rel.bss)

.rela.bss
 *(.rela.bss)

.rel.plt
 *(.rel.plt)

.rela.plt
 *(.rela.plt)

.text           0x00000000     0x18e8
 *(.vectors)
 .vectors       0x00000000       0x74 C:/Program Files (x86)/Atmel/Studio/7.0/Packs/atmel/ATmega_DFP/1.3.300/gcc/dev/atmega32u2/avr35/crtatmega32u2.o
                0x00000000                __vector_default
                0x00000000                __vectors
 *(.vectors)
 *(.progmem.gcc*)
 .progmem.gcc_sw_table.usb_event_ep0_request
                0x00000074       0x44 sboxnet2usb.o
                0x000000b8                . = ALIGN (0x2)
                0x000000b8                __trampolines_start = .
 *(.trampolines)
 .trampolines   0x000000b8        0x0 linker stubs
 *(.trampolines*)
                0x000000b8                __trampolines_end = .
 *libprintf_flt.a:*(.progmem.data)
 *libc.a:*(.progmem.data)
 *(.progmem*)
 .progmem.data.epsizemap.2751
                0x000000b8        0x4 sboxnet2usb.o
 .progmem.data.g_strings_P
                0x000000bc        0x6 sboxnet2usb.o
                0x000000bc                g_strings_P
 .progmem.data.g_string2_P
                0x000000c2       0x1a sboxnet2usb.o
                0x000000c2                g_string2_P
 .progmem.data.g_string1_P
                0x000000dc       0x46 sboxnet2usb.o
                0x000000dc                g_string1_P
 .progmem.data.g_string0_P
                0x00000122        0x4 sboxnet2usb.o
                0x00000122                g_string0_P
 .progmem.data.g_config_1_P
                0x00000126       0x12 sboxnet2usb.o
                0x00000126                g_config_1_P
 .progmem.data.g_device_desc_P
                0x00000138       0x12 sboxnet2usb.o
                0x00000138                g_device_desc_P
                0x0000014a                . = ALIGN (0x2)
 *(.jumptables)
 *(.jumptables*)
 *(.lowtext)
 *(.lowtext*)
                0x0000014a                __ctors_start = .
 *(.ctors)
                0x0000014a                __ctors_end = .
                0x0000014a                __dtors_start = .
 *(.dtors)
                0x0000014a                __dtors_end = .
 SORT(*)(.ctors)
 SORT(*)(.dtors)
 *(.init0)
 .init0         0x0000014a        0x0 C:/Program Files (x86)/Atmel/Studio/7.0/Packs/atmel/ATmega_DFP/1.3.300/gcc/dev/atmega32u2/avr35/crtatmega32u2.o
                0x0000014a                __init
 *(.init0)
 *(.init1)
 *(.init1)
 *(.init2)
 .init2         0x0000014a        0xc C:/Program Files (x86)/Atmel/Studio/7.0/Packs/atmel/ATmega_DFP/1.3.300/gcc/dev/atmega32u2/avr35/crtatmega32u2.o
 *(.init2)
 *(.init3)
 *(.init3)
 *(.init4)
 .init4         0x00000156       0x16 c:/program files (x86)/atmel/studio/7.0/toolchain/avr8/avr8-gnu-toolchain/bin/../lib/gcc/avr/5.4.0/avr35\libgcc.a(_copy_data.o)
                0x00000156                __do_copy_data
 .init4         0x0000016c       0x10 c:/program files (x86)/atmel/studio/7.0/toolchain/avr8/avr8-gnu-toolchain/bin/../lib/gcc/avr/5.4.0/avr35\libgcc.a(_clear_bss.o)
                0x0000016c                __do_clear_bss
 *(.init4)
 *(.init5)
 *(.init5)
 *(.init6)
 *(.init6)
 *(.init7)
 *(.init7)
 *(.init8)
 .init8         0x0000017c       0x1c sboxnet2usb.o
                0x0000017c                stack_init8
 *(.init8)
 *(.init9)
 .init9         0x00000198        0x8 C:/Program Files (x86)/Atmel/Studio/7.0/Packs/atmel/ATmega_DFP/1.3.300/gcc/dev/atmega32u2/avr35/crtatmega32u2.o
 *(.init9)
 *(.text)
 .text          0x000001a0        0x4 C:/Program Files (x86)/Atmel/Studio/7.0/Packs/atmel/ATmega_DFP/1.3.300/gcc/dev/atmega32u2/avr35/crtatmega32u2.o
                0x000001a0                __vector_22
                0x000001a0                __vector_28
                0x000001a0                __vector_1
                0x000001a0                __vector_24
                0x000001a0                __vector_12
                0x000001a0                __bad_interrupt
                0x000001a0                __vector_6
                0x000001a0                __vector_3
                0x000001a0                __vector_13
                0x000001a0                __vector_17
                0x000001a0                __vector_19
                0x000001a0                __vector_7
                0x000001a0                __vector_27
                0x000001a0                __vector_5
                0x000001a0                __vector_4
                0x000001a0                __vector_9
                0x000001a0                __vector_2
                0x000001a0                __vector_21
                0x000001a0                __vector_15
                0x000001a0                __vector_8
                0x000001a0                __vector_26
                0x000001a0                __vector_14
                0x000001a0                __vector_10
                0x000001a0                __vector_20
                0x000001a4                . = ALIGN (0x2)
 *(.text.*)
 .text.sboxnet_debug_inc_recverrors
                0x000001a4       0x10 sboxnet2usb.o
 .text.sboxnet_debug_inc_recverr_dor
                0x000001b4       0x10 sboxnet2usb.o
 .text.sboxnet_debug_inc_recv_byte
                0x000001c4       0x10 sboxnet2usb.o
 .text.sboxnet_prandom
                0x000001d4       0x1e sboxnet2usb.o
 .text.sboxnet_rb_write
                0x000001f2       0x3e sboxnet2usb.o
 .text.sboxnet_rb_read_commit
                0x00000230       0x28 sboxnet2usb.o
 .text.sboxnet_rb_read
                0x00000258       0x36 sboxnet2usb.o
 .text.sboxnet_set_timer
                0x0000028e       0x24 sboxnet2usb.o
 .text.sboxnet_check_try_transmit
                0x000002b2       0x62 sboxnet2usb.o
 .text.sboxnet_can_send_msg
                0x00000314       0x28 sboxnet2usb.o
 .text.sboxnet_can_read
                0x0000033c       0x1a sboxnet2usb.o
 .text.sboxnet_can_send
                0x00000356       0x20 sboxnet2usb.o
 .text.sboxnet_set_sniffer_mode
                0x00000376       0x1c sboxnet2usb.o
 .text.get_status
                0x00000392       0x2c sboxnet2usb.o
 .text.init_system
                0x000003be       0x9e sboxnet2usb.o
 .text.sboxnet_receiver_enable
                0x0000045c       0x16 sboxnet2usb.o
 .text.sboxnet_init
                0x00000472       0x64 sboxnet2usb.o
 .text.__vector_23
                0x000004d6      0x1cc sboxnet2usb.o
                0x000004d6                __vector_23
 .text.__vector_25
                0x000006a2      0x1c6 sboxnet2usb.o
                0x000006a2                __vector_25
 .text.sboxnet_receive_msg
                0x00000868      0x12c sboxnet2usb.o
 .text.sboxnet_send_msg
                0x00000994      0x134 sboxnet2usb.o
 .text.__vector_16
                0x00000ac8      0x150 sboxnet2usb.o
                0x00000ac8                __vector_16
 .text.usb_ep_read_data
                0x00000c18       0x16 sboxnet2usb.o
                0x00000c18                usb_ep_read_data
 .text.usb_ep_waitIN
                0x00000c2e       0x1e sboxnet2usb.o
                0x00000c2e                usb_ep_waitIN
 .text.usb_ep_send_zlp
                0x00000c4c       0x18 sboxnet2usb.o
                0x00000c4c                usb_ep_send_zlp
 .text.usb_mem_read_byte
                0x00000c64       0x1c sboxnet2usb.o
                0x00000c64                usb_mem_read_byte
 .text.usb_ep_getbufsize
                0x00000c80       0x14 sboxnet2usb.o
                0x00000c80                usb_ep_getbufsize
 .text.usb_ep_send_control_data_chunk
                0x00000c94      0x11a sboxnet2usb.o
                0x00000c94                usb_ep_send_control_data_chunk
 .text.usb_ep_send_control_data_finish
                0x00000dae       0x70 sboxnet2usb.o
                0x00000dae                usb_ep_send_control_data_finish
 .text.usb_ep_send_control_data
                0x00000e1e       0x18 sboxnet2usb.o
                0x00000e1e                usb_ep_send_control_data
 .text.get_string
                0x00000e36       0x42 sboxnet2usb.o
                0x00000e36                get_string
 .text.usb_ep_recv_control_data_chunk
                0x00000e78       0xd2 sboxnet2usb.o
                0x00000e78                usb_ep_recv_control_data_chunk
 .text.usb_ep_recv_control_data_finish
                0x00000f4a       0x10 sboxnet2usb.o
                0x00000f4a                usb_ep_recv_control_data_finish
 .text.usb_ep_recv_control_data
                0x00000f5a        0xe sboxnet2usb.o
                0x00000f5a                usb_ep_recv_control_data
 .text.usb_ep_setup
                0x00000f68       0x5c sboxnet2usb.o
                0x00000f68                usb_ep_setup
 .text.usb_ep_setup_control
                0x00000fc4       0x1e sboxnet2usb.o
                0x00000fc4                usb_ep_setup_control
 .text.usb_intr_endofreset
                0x00000fe2       0x10 sboxnet2usb.o
                0x00000fe2                usb_intr_endofreset
 .text.__vector_11
                0x00000ff2       0x94 sboxnet2usb.o
                0x00000ff2                __vector_11
 .text.usb_init
                0x00001086       0x74 sboxnet2usb.o
                0x00001086                usb_init
 .text.usb_event_ep0_request
                0x000010fa      0x3b2 sboxnet2usb.o
                0x000010fa                usb_event_ep0_request
 .text.usb_ep0_task
                0x000014ac      0x288 sboxnet2usb.o
                0x000014ac                usb_ep0_task
 .text.__vector_18
                0x00001734       0xcc sboxnet2usb.o
                0x00001734                __vector_18
 .text.main     0x00001800       0x3e sboxnet2usb.o
                0x00001800                main
 .text.libgcc   0x0000183e        0xc c:/program files (x86)/atmel/studio/7.0/toolchain/avr8/avr8-gnu-toolchain/bin/../lib/gcc/avr/5.4.0/avr35\libgcc.a(_tablejump2.o)
                0x0000183e                __tablejump2__
 .text.avr-libc
                0x0000184a        0xe c:/program files (x86)/atmel/studio/7.0/toolchain/avr8/avr8-gnu-toolchain/bin/../lib/gcc/avr/5.4.0/../../../../avr/lib/avr35\libc.a(memset.o)
                0x0000184a                memset
 .text.avr-libc
                0x00001858       0x10 C:/Program Files (x86)/Atmel/Studio/7.0/Packs/atmel/ATmega_DFP/1.3.300/gcc/dev/atmega32u2/avr35\libatmega32u2.a(eerd_byte.o)
                0x00001858                eeprom_read_byte
 .text.avr-libc
                0x00001868        0xc C:/Program Files (x86)/Atmel/Studio/7.0/Packs/atmel/ATmega_DFP/1.3.300/gcc/dev/atmega32u2/avr35\libatmega32u2.a(eerd_word.o)
                0x00001868                eeprom_read_word
 .text.avr-libc
                0x00001874       0x20 C:/Program Files (x86)/Atmel/Studio/7.0/Packs/atmel/ATmega_DFP/1.3.300/gcc/dev/atmega32u2/avr35\libatmega32u2.a(eeupd_block.o)
                0x00001874                eeprom_update_block
 .text.avr-libc
                0x00001894       0x24 C:/Program Files (x86)/Atmel/Studio/7.0/Packs/atmel/ATmega_DFP/1.3.300/gcc/dev/atmega32u2/avr35\libatmega32u2.a(eeupd_byte.o)
                0x00001894                eeprom_update_byte
                0x00001896                eeprom_update_r18
 .text.avr-libc
                0x000018b8        0xc C:/Program Files (x86)/Atmel/Studio/7.0/Packs/atmel/ATmega_DFP/1.3.300/gcc/dev/atmega32u2/avr35\libatmega32u2.a(eeupd_word.o)
                0x000018b8                eeprom_update_word
 .text.avr-libc
                0x000018c4       0x20 C:/Program Files (x86)/Atmel/Studio/7.0/Packs/atmel/ATmega_DFP/1.3.300/gcc/dev/atmega32u2/avr35\libatmega32u2.a(eerd_block.o)
                0x000018c4                eeprom_read_block
                0x000018c8                eeprom_read_blraw
                0x000018e4                . = ALIGN (0x2)
 *(.fini9)
 .fini9         0x000018e4        0x0 c:/program files (x86)/atmel/studio/7.0/toolchain/avr8/avr8-gnu-toolchain/bin/../lib/gcc/avr/5.4.0/avr35\libgcc.a(_exit.o)
                0x000018e4                _exit
                0x000018e4                exit
 *(.fini9)
 *(.fini8)
 *(.fini8)
 *(.fini7)
 *(.fini7)
 *(.fini6)
 *(.fini6)
 *(.fini5)
 *(.fini5)
 *(.fini4)
 *(.fini4)
 *(.fini3)
 *(.fini3)
 *(.fini2)
 *(.fini2)
 *(.fini1)
 *(.fini1)
 *(.fini0)
 .fini0         0x000018e4        0x4 c:/program files (x86)/atmel/studio/7.0/toolchain/avr8/avr8-gnu-toolchain/bin/../lib/gcc/avr/5.4.0/avr35\libgcc.a(_exit.o)
 *(.fini0)
                0x000018e8                _etext = .

.data           0x00800100        0x2 load address 0x000018e8
                0x00800100                PROVIDE (__data_start, .)
 *(.data)
 *(.data*)
 .data.rb.2992  0x00800100        0x1 sboxnet2usb.o
 *(.gnu.linkonce.d*)
 *(.rodata)
 *(.rodata*)
 *(.gnu.linkonce.r*)
                0x00800102                . = ALIGN (0x2)
 *fill*         0x00800101        0x1 
                0x00800102                _edata = .
                0x00800102                PROVIDE (__data_end, .)

.bss            0x00800102      0x246
                0x00800102                PROVIDE (__bss_start, .)
 *(.bss)
 *(.bss*)
 .bss.g_timer_led_msg_write
                0x00800102        0x1 sboxnet2usb.o
                0x00800102                g_timer_led_msg_write
 .bss.g_timer_led_msg_read
                0x00800103        0x1 sboxnet2usb.o
                0x00800103                g_timer_led_msg_read
 .bss.g_timer   0x00800104        0x1 sboxnet2usb.o
                0x00800104                g_timer
 .bss.g_sboxnet_status
                0x00800105        0x1 sboxnet2usb.o
                0x00800105                g_sboxnet_status
 .bss.g_sboxnet_flags
                0x00800106        0x1 sboxnet2usb.o
                0x00800106                g_sboxnet_flags
 *(COMMON)
 COMMON         0x00800107      0x241 sboxnet2usb.o
                0x00800107                g_sboxnet_addr
                0x00800108                g_sboxnet
                0x0080033b                g_usb_dev
                0x00800348                PROVIDE (__bss_end, .)
                0x000018e8                __data_load_start = LOADADDR (.data)
                0x000018ea                __data_load_end = (__data_load_start + SIZEOF (.data))

.noinit         0x00800348        0x0
                [!provide]                PROVIDE (__noinit_start, .)
 *(.noinit*)
                [!provide]                PROVIDE (__noinit_end, .)
                0x00800348                _end = .
                [!provide]                PROVIDE (__heap_start, .)

.eeprom         0x00810000       0x42
 *(.eeprom*)
 .eeprom        0x00810000       0x42 sboxnet2usb.o
                0x00810000                eeprom
                0x00810042                __eeprom_end = .

.fuse
 *(.fuse)
 *(.lfuse)
 *(.hfuse)
 *(.efuse)

.lock
 *(.lock*)

.signature
 *(.signature*)

.user_signatures
 *(.user_signatures*)

.stab
 *(.stab)

.stabstr
 *(.stabstr)

.stab.excl
 *(.stab.excl)

.stab.exclstr
 *(.stab.exclstr)

.stab.index
 *(.stab.index)

.stab.indexstr
 *(.stab.indexstr)

.comment        0x00000000       0x30
 *(.comment)
 .comment       0x00000000       0x30 sboxnet2usb.o
                                 0x31 (size before relaxing)

.note.gnu.avr.deviceinfo
                0x00000000       0x40
 .note.gnu.avr.deviceinfo
                0x00000000       0x40 C:/Program Files (x86)/Atmel/Studio/7.0/Packs/atmel/ATmega_DFP/1.3.300/gcc/dev/atmega32u2/avr35/crtatmega32u2.o

.note.gnu.build-id
 *(.note.gnu.build-id)

.debug
 *(.debug)

.line
 *(.line)

.debug_srcinfo
 *(.debug_srcinfo)

.debug_sfnames
 *(.debug_sfnames)

.debug_aranges  0x00000000      0x248
 *(.debug_aranges)
 .debug_aranges
                0x00000000      0x188 sboxnet2usb.o
 .debug_aranges
                0x00000188       0x20 C:/Program Files (x86)/Atmel/Studio/7.0/Packs/atmel/ATmega_DFP/1.3.300/gcc/dev/atmega32u2/avr35\libatmega32u2.a(eerd_byte.o)
 .debug_aranges
                0x000001a8       0x20 C:/Program Files (x86)/Atmel/Studio/7.0/Packs/atmel/ATmega_DFP/1.3.300/gcc/dev/atmega32u2/avr35\libatmega32u2.a(eerd_word.o)
 .debug_aranges
                0x000001c8       0x20 C:/Program Files (x86)/Atmel/Studio/7.0/Packs/atmel/ATmega_DFP/1.3.300/gcc/dev/atmega32u2/avr35\libatmega32u2.a(eeupd_block.o)
 .debug_aranges
                0x000001e8       0x20 C:/Program Files (x86)/Atmel/Studio/7.0/Packs/atmel/ATmega_DFP/1.3.300/gcc/dev/atmega32u2/avr35\libatmega32u2.a(eeupd_byte.o)
 .debug_aranges
                0x00000208       0x20 C:/Program Files (x86)/Atmel/Studio/7.0/Packs/atmel/ATmega_DFP/1.3.300/gcc/dev/atmega32u2/avr35\libatmega32u2.a(eeupd_word.o)
 .debug_aranges
                0x00000228       0x20 C:/Program Files (x86)/Atmel/Studio/7.0/Packs/atmel/ATmega_DFP/1.3.300/gcc/dev/atmega32u2/avr35\libatmega32u2.a(eerd_block.o)

.debug_pubnames
 *(.debug_pubnames)

.debug_info     0x00000000     0x3ee0
 *(.debug_info .gnu.linkonce.wi.*)
 .debug_info    0x00000000      0x6ba C:/Program Files (x86)/Atmel/Studio/7.0/Packs/atmel/ATmega_DFP/1.3.300/gcc/dev/atmega32u2/avr35/crtatmega32u2.o
 .debug_info    0x000006ba     0x347f sboxnet2usb.o
 .debug_info    0x00003b39       0x9b C:/Program Files (x86)/Atmel/Studio/7.0/Packs/atmel/ATmega_DFP/1.3.300/gcc/dev/atmega32u2/avr35\libatmega32u2.a(eerd_byte.o)
 .debug_info    0x00003bd4       0x9b C:/Program Files (x86)/Atmel/Studio/7.0/Packs/atmel/ATmega_DFP/1.3.300/gcc/dev/atmega32u2/avr35\libatmega32u2.a(eerd_word.o)
 .debug_info    0x00003c6f       0x9d C:/Program Files (x86)/Atmel/Studio/7.0/Packs/atmel/ATmega_DFP/1.3.300/gcc/dev/atmega32u2/avr35\libatmega32u2.a(eeupd_block.o)
 .debug_info    0x00003d0c       0x9c C:/Program Files (x86)/Atmel/Studio/7.0/Packs/atmel/ATmega_DFP/1.3.300/gcc/dev/atmega32u2/avr35\libatmega32u2.a(eeupd_byte.o)
 .debug_info    0x00003da8       0x9c C:/Program Files (x86)/Atmel/Studio/7.0/Packs/atmel/ATmega_DFP/1.3.300/gcc/dev/atmega32u2/avr35\libatmega32u2.a(eeupd_word.o)
 .debug_info    0x00003e44       0x9c C:/Program Files (x86)/Atmel/Studio/7.0/Packs/atmel/ATmega_DFP/1.3.300/gcc/dev/atmega32u2/avr35\libatmega32u2.a(eerd_block.o)

.debug_abbrev   0x00000000      0xd3d
 *(.debug_abbrev)
 .debug_abbrev  0x00000000      0x65d C:/Program Files (x86)/Atmel/Studio/7.0/Packs/atmel/ATmega_DFP/1.3.300/gcc/dev/atmega32u2/avr35/crtatmega32u2.o
 .debug_abbrev  0x0000065d      0x668 sboxnet2usb.o
 .debug_abbrev  0x00000cc5       0x14 C:/Program Files (x86)/Atmel/Studio/7.0/Packs/atmel/ATmega_DFP/1.3.300/gcc/dev/atmega32u2/avr35\libatmega32u2.a(eerd_byte.o)
 .debug_abbrev  0x00000cd9       0x14 C:/Program Files (x86)/Atmel/Studio/7.0/Packs/atmel/ATmega_DFP/1.3.300/gcc/dev/atmega32u2/avr35\libatmega32u2.a(eerd_word.o)
 .debug_abbrev  0x00000ced       0x14 C:/Program Files (x86)/Atmel/Studio/7.0/Packs/atmel/ATmega_DFP/1.3.300/gcc/dev/atmega32u2/avr35\libatmega32u2.a(eeupd_block.o)
 .debug_abbrev  0x00000d01       0x14 C:/Program Files (x86)/Atmel/Studio/7.0/Packs/atmel/ATmega_DFP/1.3.300/gcc/dev/atmega32u2/avr35\libatmega32u2.a(eeupd_byte.o)
 .debug_abbrev  0x00000d15       0x14 C:/Program Files (x86)/Atmel/Studio/7.0/Packs/atmel/ATmega_DFP/1.3.300/gcc/dev/atmega32u2/avr35\libatmega32u2.a(eeupd_word.o)
 .debug_abbrev  0x00000d29       0x14 C:/Program Files (x86)/Atmel/Studio/7.0/Packs/atmel/ATmega_DFP/1.3.300/gcc/dev/atmega32u2/avr35\libatmega32u2.a(eerd_block.o)

.debug_line     0x00000000     0x207f
 *(.debug_line .debug_line.* .debug_line_end)
 .debug_line    0x00000000      0x145 C:/Program Files (x86)/Atmel/Studio/7.0/Packs/atmel/ATmega_DFP/1.3.300/gcc/dev/atmega32u2/avr35/crtatmega32u2.o
 .debug_line    0x00000145     0x1bf1 sboxnet2usb.o
 .debug_line    0x00001d36       0x7a C:/Program Files (x86)/Atmel/Studio/7.0/Packs/atmel/ATmega_DFP/1.3.300/gcc/dev/atmega32u2/avr35\libatmega32u2.a(eerd_byte.o)
 .debug_line    0x00001db0       0x67 C:/Program Files (x86)/Atmel/Studio/7.0/Packs/atmel/ATmega_DFP/1.3.300/gcc/dev/atmega32u2/avr35\libatmega32u2.a(eerd_word.o)
 .debug_line    0x00001e17       0xa5 C:/Program Files (x86)/Atmel/Studio/7.0/Packs/atmel/ATmega_DFP/1.3.300/gcc/dev/atmega32u2/avr35\libatmega32u2.a(eeupd_block.o)
 .debug_line    0x00001ebc       0xb6 C:/Program Files (x86)/Atmel/Studio/7.0/Packs/atmel/ATmega_DFP/1.3.300/gcc/dev/atmega32u2/avr35\libatmega32u2.a(eeupd_byte.o)
 .debug_line    0x00001f72       0x62 C:/Program Files (x86)/Atmel/Studio/7.0/Packs/atmel/ATmega_DFP/1.3.300/gcc/dev/atmega32u2/avr35\libatmega32u2.a(eeupd_word.o)
 .debug_line    0x00001fd4       0xab C:/Program Files (x86)/Atmel/Studio/7.0/Packs/atmel/ATmega_DFP/1.3.300/gcc/dev/atmega32u2/avr35\libatmega32u2.a(eerd_block.o)

.debug_frame    0x00000000      0x620
 *(.debug_frame)
 .debug_frame   0x00000000      0x620 sboxnet2usb.o

.debug_str      0x00000000     0xc3e5
 *(.debug_str)
 .debug_str     0x00000000      0x262 C:/Program Files (x86)/Atmel/Studio/7.0/Packs/atmel/ATmega_DFP/1.3.300/gcc/dev/atmega32u2/avr35/crtatmega32u2.o
 .debug_str     0x00000262     0xc183 sboxnet2usb.o
                               0xc441 (size before relaxing)

.debug_loc      0x00000000     0x22b3
 *(.debug_loc)
 .debug_loc     0x00000000     0x22b3 sboxnet2usb.o

.debug_macinfo
 *(.debug_macinfo)

.debug_weaknames
 *(.debug_weaknames)

.debug_funcnames
 *(.debug_funcnames)

.debug_typenames
 *(.debug_typenames)

.debug_varnames
 *(.debug_varnames)

.debug_pubtypes
 *(.debug_pubtypes)

.debug_ranges   0x00000000      0x2d0
 *(.debug_ranges)
 .debug_ranges  0x00000000      0x2d0 sboxnet2usb.o

.debug_macro    0x00000000     0x38d5
 *(.debug_macro)
 .debug_macro   0x00000000      0x2fc sboxnet2usb.o
 .debug_macro   0x000002fc      0xa42 sboxnet2usb.o
 .debug_macro   0x00000d3e      0x1c9 sboxnet2usb.o
 .debug_macro   0x00000f07       0x10 sboxnet2usb.o
 .debug_macro   0x00000f17      0x302 sboxnet2usb.o
 .debug_macro   0x00001219       0x9e sboxnet2usb.o
 .debug_macro   0x000012b7     0x1601 sboxnet2usb.o
 .debug_macro   0x000028b8      0x13a sboxnet2usb.o
 .debug_macro   0x000029f2       0xcb sboxnet2usb.o
 .debug_macro   0x00002abd       0x34 sboxnet2usb.o
 .debug_macro   0x00002af1       0x18 sboxnet2usb.o
 .debug_macro   0x00002b09       0x6c sboxnet2usb.o
 .debug_macro   0x00002b75       0x16 sboxnet2usb.o
 .debug_macro   0x00002b8b       0xc4 sboxnet2usb.o
 .debug_macro   0x00002c4f       0x16 sboxnet2usb.o
 .debug_macro   0x00002c65       0x97 sboxnet2usb.o
 .debug_macro   0x00002cfc       0x16 sboxnet2usb.o
 .debug_macro   0x00002d12       0x69 sboxnet2usb.o
 .debug_macro   0x00002d7b       0x68 sboxnet2usb.o
 .debug_macro   0x00002de3       0x3b sboxnet2usb.o
 .debug_macro   0x00002e1e       0xf6 sboxnet2usb.o
 .debug_macro   0x00002f14       0x33 sboxnet2usb.o
 .debug_macro   0x00002f47       0x10 sboxnet2usb.o
 .debug_macro   0x00002f57       0x35 sboxnet2usb.o
 .debug_macro   0x00002f8c       0xe2 sboxnet2usb.o
 .debug_macro   0x0000306e       0x10 sboxnet2usb.o
 .debug_macro   0x0000307e      0x160 sboxnet2usb.o
 .debug_macro   0x000031de       0x65 sboxnet2usb.o
 .debug_macro   0x00003243       0x34 sboxnet2usb.o
 .debug_macro   0x00003277       0x3a sboxnet2usb.o
 .debug_macro   0x000032b1      0x1ac sboxnet2usb.o
 .debug_macro   0x0000345d       0x10 sboxnet2usb.o
 .debug_macro   0x0000346d      0x107 sboxnet2usb.o
 .debug_macro   0x00003574       0x20 sboxnet2usb.o
 .debug_macro   0x00003594      0x115 sboxnet2usb.o
 .debug_macro   0x000036a9       0x28 sboxnet2usb.o
 .debug_macro   0x000036d1      0x204 sboxnet2usb.o
OUTPUT(sboxnet2usb.elf elf32-avr)
LOAD linker stubs
