Archive member included to satisfy reference by file (symbol)

c:/program files (x86)/atmel/studio/7.0/toolchain/avr8/avr8-gnu-toolchain/bin/../lib/gcc/avr/5.4.0/avrxmega7\libgcc.a(_udivmodhi4.o)
                              common.o (__udivmodhi4)
c:/program files (x86)/atmel/studio/7.0/toolchain/avr8/avr8-gnu-toolchain/bin/../lib/gcc/avr/5.4.0/avrxmega7\libgcc.a(_exit.o)
                              C:/Program Files (x86)/Atmel/Studio/7.0/Packs/Atmel/XMEGAA_DFP/1.2.141/gcc/dev/atxmega128a4u/avrxmega7/crtatxmega128a4u.o (exit)
c:/program files (x86)/atmel/studio/7.0/toolchain/avr8/avr8-gnu-toolchain/bin/../lib/gcc/avr/5.4.0/avrxmega7\libgcc.a(_copy_data.o)
                              common.o (__do_copy_data)
c:/program files (x86)/atmel/studio/7.0/toolchain/avr8/avr8-gnu-toolchain/bin/../lib/gcc/avr/5.4.0/avrxmega7\libgcc.a(_clear_bss.o)
                              bootloader-fw.o (__do_clear_bss)
C:/Program Files (x86)/Atmel/Studio/7.0/Packs/Atmel/XMEGAA_DFP/1.2.141/gcc/dev/atxmega128a4u/avrxmega7\libatxmega128a4u.a(eeupd_block.o)
                              common.o (eeprom_update_block)
C:/Program Files (x86)/Atmel/Studio/7.0/Packs/Atmel/XMEGAA_DFP/1.2.141/gcc/dev/atxmega128a4u/avrxmega7\libatxmega128a4u.a(eeupd_byte.o)
                              common.o (eeprom_update_byte)
C:/Program Files (x86)/Atmel/Studio/7.0/Packs/Atmel/XMEGAA_DFP/1.2.141/gcc/dev/atxmega128a4u/avrxmega7\libatxmega128a4u.a(eeupd_word.o)
                              common.o (eeprom_update_word)
C:/Program Files (x86)/Atmel/Studio/7.0/Packs/Atmel/XMEGAA_DFP/1.2.141/gcc/dev/atxmega128a4u/avrxmega7\libatxmega128a4u.a(eewr_byte.o)
                              C:/Program Files (x86)/Atmel/Studio/7.0/Packs/Atmel/XMEGAA_DFP/1.2.141/gcc/dev/atxmega128a4u/avrxmega7\libatxmega128a4u.a(eeupd_byte.o) (eeprom_write_r18)
C:/Program Files (x86)/Atmel/Studio/7.0/Packs/Atmel/XMEGAA_DFP/1.2.141/gcc/dev/atxmega128a4u/avrxmega7\libatxmega128a4u.a(eerd_byte.o)
                              C:/Program Files (x86)/Atmel/Studio/7.0/Packs/Atmel/XMEGAA_DFP/1.2.141/gcc/dev/atxmega128a4u/avrxmega7\libatxmega128a4u.a(eeupd_byte.o) (eeprom_mapen)

Allocating common symbols
Common symbol       size              file

g_v                 0x175             bootloader-fw.o

Discarded input sections

 .data          0x00000000        0x0 C:/Program Files (x86)/Atmel/Studio/7.0/Packs/Atmel/XMEGAA_DFP/1.2.141/gcc/dev/atxmega128a4u/avrxmega7/crtatxmega128a4u.o
 .bss           0x00000000        0x0 C:/Program Files (x86)/Atmel/Studio/7.0/Packs/Atmel/XMEGAA_DFP/1.2.141/gcc/dev/atxmega128a4u/avrxmega7/crtatxmega128a4u.o
 .text          0x00000000        0x0 bootloader-crt0.o
 .data          0x00000000        0x0 bootloader-crt0.o
 .bss           0x00000000        0x0 bootloader-crt0.o
 .text          0x00000000        0x0 bootloader-fw.o
 .data          0x00000000        0x0 bootloader-fw.o
 .bss           0x00000000        0x0 bootloader-fw.o
 .bldrfwheader  0x00000000       0x20 bootloader-fw.o
 .bldrcrc       0x00000000        0x2 bootloader-fw.o
 .text          0x00000000        0x0 common.o
 .data          0x00000000        0x0 common.o
 .bss           0x00000000        0x0 common.o
 .text.ringbuf_init
                0x00000000        0xc common.o
 .text.ringbuf_read
                0x00000000       0x2e common.o
 .text.ringbuf_write
                0x00000000       0x28 common.o
 .text.bitmask  0x00000000        0xc common.o
 .text.do_init_system
                0x00000000        0x2 common.o
 .text.do_reg_read
                0x00000000        0x4 common.o
 .text.do_reg_write
                0x00000000        0x4 common.o
 .text.do_msg   0x00000000        0x4 common.o
 .text.do_setup
                0x00000000        0x2 common.o
 .text.do_main  0x00000000        0x2 common.o
 .text.do_before_bldr_activate
                0x00000000        0x2 common.o
 .text.gbm_do_before_bldr_activate
                0x00000000        0x2 common.o
 .text.dcc_do_before_bldr_activate
                0x00000000        0x2 common.o
 .text.booster_do_before_bldr_activate
                0x00000000        0x2 common.o
 .text.mtester_do_reg_read
                0x00000000        0x4 common.o
 .text.mtester_do_reg_write
                0x00000000        0x4 common.o
 .text.mtester_do_msg
                0x00000000        0x4 common.o
 .text.mtester_do_setup
                0x00000000        0x4 common.o
 .text.mtester_do_before_bldr_activate
                0x00000000        0x2 common.o
 .text.ws_do_before_bldr_activate
                0x00000000        0xc common.o
 .text          0x00000000        0x0 c:/program files (x86)/atmel/studio/7.0/toolchain/avr8/avr8-gnu-toolchain/bin/../lib/gcc/avr/5.4.0/avrxmega7\libgcc.a(_udivmodhi4.o)
 .data          0x00000000        0x0 c:/program files (x86)/atmel/studio/7.0/toolchain/avr8/avr8-gnu-toolchain/bin/../lib/gcc/avr/5.4.0/avrxmega7\libgcc.a(_udivmodhi4.o)
 .bss           0x00000000        0x0 c:/program files (x86)/atmel/studio/7.0/toolchain/avr8/avr8-gnu-toolchain/bin/../lib/gcc/avr/5.4.0/avrxmega7\libgcc.a(_udivmodhi4.o)
 .text.libgcc.mul
                0x00000000        0x0 c:/program files (x86)/atmel/studio/7.0/toolchain/avr8/avr8-gnu-toolchain/bin/../lib/gcc/avr/5.4.0/avrxmega7\libgcc.a(_udivmodhi4.o)
 .text.libgcc   0x00000000        0x0 c:/program files (x86)/atmel/studio/7.0/toolchain/avr8/avr8-gnu-toolchain/bin/../lib/gcc/avr/5.4.0/avrxmega7\libgcc.a(_udivmodhi4.o)
 .text.libgcc.prologue
                0x00000000        0x0 c:/program files (x86)/atmel/studio/7.0/toolchain/avr8/avr8-gnu-toolchain/bin/../lib/gcc/avr/5.4.0/avrxmega7\libgcc.a(_udivmodhi4.o)
 .text.libgcc.builtins
                0x00000000        0x0 c:/program files (x86)/atmel/studio/7.0/toolchain/avr8/avr8-gnu-toolchain/bin/../lib/gcc/avr/5.4.0/avrxmega7\libgcc.a(_udivmodhi4.o)
 .text.libgcc.fmul
                0x00000000        0x0 c:/program files (x86)/atmel/studio/7.0/toolchain/avr8/avr8-gnu-toolchain/bin/../lib/gcc/avr/5.4.0/avrxmega7\libgcc.a(_udivmodhi4.o)
 .text.libgcc.fixed
                0x00000000        0x0 c:/program files (x86)/atmel/studio/7.0/toolchain/avr8/avr8-gnu-toolchain/bin/../lib/gcc/avr/5.4.0/avrxmega7\libgcc.a(_udivmodhi4.o)
 .text          0x00000000        0x0 c:/program files (x86)/atmel/studio/7.0/toolchain/avr8/avr8-gnu-toolchain/bin/../lib/gcc/avr/5.4.0/avrxmega7\libgcc.a(_exit.o)
 .data          0x00000000        0x0 c:/program files (x86)/atmel/studio/7.0/toolchain/avr8/avr8-gnu-toolchain/bin/../lib/gcc/avr/5.4.0/avrxmega7\libgcc.a(_exit.o)
 .bss           0x00000000        0x0 c:/program files (x86)/atmel/studio/7.0/toolchain/avr8/avr8-gnu-toolchain/bin/../lib/gcc/avr/5.4.0/avrxmega7\libgcc.a(_exit.o)
 .text.libgcc.mul
                0x00000000        0x0 c:/program files (x86)/atmel/studio/7.0/toolchain/avr8/avr8-gnu-toolchain/bin/../lib/gcc/avr/5.4.0/avrxmega7\libgcc.a(_exit.o)
 .text.libgcc.div
                0x00000000        0x0 c:/program files (x86)/atmel/studio/7.0/toolchain/avr8/avr8-gnu-toolchain/bin/../lib/gcc/avr/5.4.0/avrxmega7\libgcc.a(_exit.o)
 .text.libgcc   0x00000000        0x0 c:/program files (x86)/atmel/studio/7.0/toolchain/avr8/avr8-gnu-toolchain/bin/../lib/gcc/avr/5.4.0/avrxmega7\libgcc.a(_exit.o)
 .text.libgcc.prologue
                0x00000000        0x0 c:/program files (x86)/atmel/studio/7.0/toolchain/avr8/avr8-gnu-toolchain/bin/../lib/gcc/avr/5.4.0/avrxmega7\libgcc.a(_exit.o)
 .text.libgcc.builtins
                0x00000000        0x0 c:/program files (x86)/atmel/studio/7.0/toolchain/avr8/avr8-gnu-toolchain/bin/../lib/gcc/avr/5.4.0/avrxmega7\libgcc.a(_exit.o)
 .text.libgcc.fmul
                0x00000000        0x0 c:/program files (x86)/atmel/studio/7.0/toolchain/avr8/avr8-gnu-toolchain/bin/../lib/gcc/avr/5.4.0/avrxmega7\libgcc.a(_exit.o)
 .text.libgcc.fixed
                0x00000000        0x0 c:/program files (x86)/atmel/studio/7.0/toolchain/avr8/avr8-gnu-toolchain/bin/../lib/gcc/avr/5.4.0/avrxmega7\libgcc.a(_exit.o)
 .text          0x00000000        0x0 c:/program files (x86)/atmel/studio/7.0/toolchain/avr8/avr8-gnu-toolchain/bin/../lib/gcc/avr/5.4.0/avrxmega7\libgcc.a(_copy_data.o)
 .data          0x00000000        0x0 c:/program files (x86)/atmel/studio/7.0/toolchain/avr8/avr8-gnu-toolchain/bin/../lib/gcc/avr/5.4.0/avrxmega7\libgcc.a(_copy_data.o)
 .bss           0x00000000        0x0 c:/program files (x86)/atmel/studio/7.0/toolchain/avr8/avr8-gnu-toolchain/bin/../lib/gcc/avr/5.4.0/avrxmega7\libgcc.a(_copy_data.o)
 .text.libgcc.mul
                0x00000000        0x0 c:/program files (x86)/atmel/studio/7.0/toolchain/avr8/avr8-gnu-toolchain/bin/../lib/gcc/avr/5.4.0/avrxmega7\libgcc.a(_copy_data.o)
 .text.libgcc.div
                0x00000000        0x0 c:/program files (x86)/atmel/studio/7.0/toolchain/avr8/avr8-gnu-toolchain/bin/../lib/gcc/avr/5.4.0/avrxmega7\libgcc.a(_copy_data.o)
 .text.libgcc   0x00000000        0x0 c:/program files (x86)/atmel/studio/7.0/toolchain/avr8/avr8-gnu-toolchain/bin/../lib/gcc/avr/5.4.0/avrxmega7\libgcc.a(_copy_data.o)
 .text.libgcc.prologue
                0x00000000        0x0 c:/program files (x86)/atmel/studio/7.0/toolchain/avr8/avr8-gnu-toolchain/bin/../lib/gcc/avr/5.4.0/avrxmega7\libgcc.a(_copy_data.o)
 .text.libgcc.builtins
                0x00000000        0x0 c:/program files (x86)/atmel/studio/7.0/toolchain/avr8/avr8-gnu-toolchain/bin/../lib/gcc/avr/5.4.0/avrxmega7\libgcc.a(_copy_data.o)
 .text.libgcc.fmul
                0x00000000        0x0 c:/program files (x86)/atmel/studio/7.0/toolchain/avr8/avr8-gnu-toolchain/bin/../lib/gcc/avr/5.4.0/avrxmega7\libgcc.a(_copy_data.o)
 .text.libgcc.fixed
                0x00000000        0x0 c:/program files (x86)/atmel/studio/7.0/toolchain/avr8/avr8-gnu-toolchain/bin/../lib/gcc/avr/5.4.0/avrxmega7\libgcc.a(_copy_data.o)
 .text          0x00000000        0x0 c:/program files (x86)/atmel/studio/7.0/toolchain/avr8/avr8-gnu-toolchain/bin/../lib/gcc/avr/5.4.0/avrxmega7\libgcc.a(_clear_bss.o)
 .data          0x00000000        0x0 c:/program files (x86)/atmel/studio/7.0/toolchain/avr8/avr8-gnu-toolchain/bin/../lib/gcc/avr/5.4.0/avrxmega7\libgcc.a(_clear_bss.o)
 .bss           0x00000000        0x0 c:/program files (x86)/atmel/studio/7.0/toolchain/avr8/avr8-gnu-toolchain/bin/../lib/gcc/avr/5.4.0/avrxmega7\libgcc.a(_clear_bss.o)
 .text.libgcc.mul
                0x00000000        0x0 c:/program files (x86)/atmel/studio/7.0/toolchain/avr8/avr8-gnu-toolchain/bin/../lib/gcc/avr/5.4.0/avrxmega7\libgcc.a(_clear_bss.o)
 .text.libgcc.div
                0x00000000        0x0 c:/program files (x86)/atmel/studio/7.0/toolchain/avr8/avr8-gnu-toolchain/bin/../lib/gcc/avr/5.4.0/avrxmega7\libgcc.a(_clear_bss.o)
 .text.libgcc   0x00000000        0x0 c:/program files (x86)/atmel/studio/7.0/toolchain/avr8/avr8-gnu-toolchain/bin/../lib/gcc/avr/5.4.0/avrxmega7\libgcc.a(_clear_bss.o)
 .text.libgcc.prologue
                0x00000000        0x0 c:/program files (x86)/atmel/studio/7.0/toolchain/avr8/avr8-gnu-toolchain/bin/../lib/gcc/avr/5.4.0/avrxmega7\libgcc.a(_clear_bss.o)
 .text.libgcc.builtins
                0x00000000        0x0 c:/program files (x86)/atmel/studio/7.0/toolchain/avr8/avr8-gnu-toolchain/bin/../lib/gcc/avr/5.4.0/avrxmega7\libgcc.a(_clear_bss.o)
 .text.libgcc.fmul
                0x00000000        0x0 c:/program files (x86)/atmel/studio/7.0/toolchain/avr8/avr8-gnu-toolchain/bin/../lib/gcc/avr/5.4.0/avrxmega7\libgcc.a(_clear_bss.o)
 .text.libgcc.fixed
                0x00000000        0x0 c:/program files (x86)/atmel/studio/7.0/toolchain/avr8/avr8-gnu-toolchain/bin/../lib/gcc/avr/5.4.0/avrxmega7\libgcc.a(_clear_bss.o)
 .text          0x00000000        0x0 C:/Program Files (x86)/Atmel/Studio/7.0/Packs/Atmel/XMEGAA_DFP/1.2.141/gcc/dev/atxmega128a4u/avrxmega7\libatxmega128a4u.a(eeupd_block.o)
 .data          0x00000000        0x0 C:/Program Files (x86)/Atmel/Studio/7.0/Packs/Atmel/XMEGAA_DFP/1.2.141/gcc/dev/atxmega128a4u/avrxmega7\libatxmega128a4u.a(eeupd_block.o)
 .bss           0x00000000        0x0 C:/Program Files (x86)/Atmel/Studio/7.0/Packs/Atmel/XMEGAA_DFP/1.2.141/gcc/dev/atxmega128a4u/avrxmega7\libatxmega128a4u.a(eeupd_block.o)
 .text          0x00000000        0x0 C:/Program Files (x86)/Atmel/Studio/7.0/Packs/Atmel/XMEGAA_DFP/1.2.141/gcc/dev/atxmega128a4u/avrxmega7\libatxmega128a4u.a(eeupd_byte.o)
 .data          0x00000000        0x0 C:/Program Files (x86)/Atmel/Studio/7.0/Packs/Atmel/XMEGAA_DFP/1.2.141/gcc/dev/atxmega128a4u/avrxmega7\libatxmega128a4u.a(eeupd_byte.o)
 .bss           0x00000000        0x0 C:/Program Files (x86)/Atmel/Studio/7.0/Packs/Atmel/XMEGAA_DFP/1.2.141/gcc/dev/atxmega128a4u/avrxmega7\libatxmega128a4u.a(eeupd_byte.o)
 .text          0x00000000        0x0 C:/Program Files (x86)/Atmel/Studio/7.0/Packs/Atmel/XMEGAA_DFP/1.2.141/gcc/dev/atxmega128a4u/avrxmega7\libatxmega128a4u.a(eeupd_word.o)
 .data          0x00000000        0x0 C:/Program Files (x86)/Atmel/Studio/7.0/Packs/Atmel/XMEGAA_DFP/1.2.141/gcc/dev/atxmega128a4u/avrxmega7\libatxmega128a4u.a(eeupd_word.o)
 .bss           0x00000000        0x0 C:/Program Files (x86)/Atmel/Studio/7.0/Packs/Atmel/XMEGAA_DFP/1.2.141/gcc/dev/atxmega128a4u/avrxmega7\libatxmega128a4u.a(eeupd_word.o)
 .text          0x00000000        0x0 C:/Program Files (x86)/Atmel/Studio/7.0/Packs/Atmel/XMEGAA_DFP/1.2.141/gcc/dev/atxmega128a4u/avrxmega7\libatxmega128a4u.a(eewr_byte.o)
 .data          0x00000000        0x0 C:/Program Files (x86)/Atmel/Studio/7.0/Packs/Atmel/XMEGAA_DFP/1.2.141/gcc/dev/atxmega128a4u/avrxmega7\libatxmega128a4u.a(eewr_byte.o)
 .bss           0x00000000        0x0 C:/Program Files (x86)/Atmel/Studio/7.0/Packs/Atmel/XMEGAA_DFP/1.2.141/gcc/dev/atxmega128a4u/avrxmega7\libatxmega128a4u.a(eewr_byte.o)
 .text          0x00000000        0x0 C:/Program Files (x86)/Atmel/Studio/7.0/Packs/Atmel/XMEGAA_DFP/1.2.141/gcc/dev/atxmega128a4u/avrxmega7\libatxmega128a4u.a(eerd_byte.o)
 .data          0x00000000        0x0 C:/Program Files (x86)/Atmel/Studio/7.0/Packs/Atmel/XMEGAA_DFP/1.2.141/gcc/dev/atxmega128a4u/avrxmega7\libatxmega128a4u.a(eerd_byte.o)
 .bss           0x00000000        0x0 C:/Program Files (x86)/Atmel/Studio/7.0/Packs/Atmel/XMEGAA_DFP/1.2.141/gcc/dev/atxmega128a4u/avrxmega7\libatxmega128a4u.a(eerd_byte.o)

Memory Configuration

Name             Origin             Length             Attributes
text             0x00000000         0x00022000         xr
data             0x00802000         0x00002000         rw !x
eeprom           0x00810000         0x00000800         rw !x
fuse             0x00820000         0x00000006         rw !x
lock             0x00830000         0x00000400         rw !x
signature        0x00840000         0x00000400         rw !x
user_signatures  0x00850000         0x00000400         rw !x
*default*        0x00000000         0xffffffff

Linker script and memory map

LOAD C:/Program Files (x86)/Atmel/Studio/7.0/Packs/Atmel/XMEGAA_DFP/1.2.141/gcc/dev/atxmega128a4u/avrxmega7/crtatxmega128a4u.o
LOAD bootloader-crt0.o
LOAD bootloader-fw.o
LOAD common.o
START GROUP
LOAD c:/program files (x86)/atmel/studio/7.0/toolchain/avr8/avr8-gnu-toolchain/bin/../lib/gcc/avr/5.4.0/../../../../avr/lib/avrxmega7\libm.a
END GROUP
Address of section .appcrc set to 0x10000
Address of section .bldrapp set to 0x10100
Address of section .bldrinit set to 0x20000
Address of section .bldrvec set to 0x20200
Address of section .bootloader set to 0x20242
Address of section .bldrcrc set to 0x21dfe
Address of section .bldrstatic set to 0x21b00
Address of section .bldrstatvec set to 0x21ff6
START GROUP
LOAD c:/program files (x86)/atmel/studio/7.0/toolchain/avr8/avr8-gnu-toolchain/bin/../lib/gcc/avr/5.4.0/avrxmega7\libgcc.a
LOAD c:/program files (x86)/atmel/studio/7.0/toolchain/avr8/avr8-gnu-toolchain/bin/../lib/gcc/avr/5.4.0/../../../../avr/lib/avrxmega7\libm.a
LOAD c:/program files (x86)/atmel/studio/7.0/toolchain/avr8/avr8-gnu-toolchain/bin/../lib/gcc/avr/5.4.0/../../../../avr/lib/avrxmega7\libc.a
LOAD C:/Program Files (x86)/Atmel/Studio/7.0/Packs/Atmel/XMEGAA_DFP/1.2.141/gcc/dev/atxmega128a4u/avrxmega7\libatxmega128a4u.a
END GROUP
                [0x00000000]                __TEXT_REGION_ORIGIN__ = DEFINED (__TEXT_REGION_ORIGIN__)?__TEXT_REGION_ORIGIN__:0x0
                [0x00802000]                __DATA_REGION_ORIGIN__ = DEFINED (__DATA_REGION_ORIGIN__)?__DATA_REGION_ORIGIN__:0x802000
                [0x00022000]                __TEXT_REGION_LENGTH__ = DEFINED (__TEXT_REGION_LENGTH__)?__TEXT_REGION_LENGTH__:0x100000
                [0x00002000]                __DATA_REGION_LENGTH__ = DEFINED (__DATA_REGION_LENGTH__)?__DATA_REGION_LENGTH__:0xffa0
                [0x00000800]                __EEPROM_REGION_LENGTH__ = DEFINED (__EEPROM_REGION_LENGTH__)?__EEPROM_REGION_LENGTH__:0x10000
                [0x00000006]                __FUSE_REGION_LENGTH__ = DEFINED (__FUSE_REGION_LENGTH__)?__FUSE_REGION_LENGTH__:0x400
                0x00000400                __LOCK_REGION_LENGTH__ = DEFINED (__LOCK_REGION_LENGTH__)?__LOCK_REGION_LENGTH__:0x400
                0x00000400                __SIGNATURE_REGION_LENGTH__ = DEFINED (__SIGNATURE_REGION_LENGTH__)?__SIGNATURE_REGION_LENGTH__:0x400
                0x00000400                __USER_SIGNATURE_REGION_LENGTH__ = DEFINED (__USER_SIGNATURE_REGION_LENGTH__)?__USER_SIGNATURE_REGION_LENGTH__:0x400

.hash
 *(.hash)

.dynsym
 *(.dynsym)

.dynstr
 *(.dynstr)

.gnu.version
 *(.gnu.version)

.gnu.version_d
 *(.gnu.version_d)

.gnu.version_r
 *(.gnu.version_r)

.rel.init
 *(.rel.init)

.rela.init
 *(.rela.init)

.rel.text
 *(.rel.text)
 *(.rel.text.*)
 *(.rel.gnu.linkonce.t*)

.rela.text
 *(.rela.text)
 *(.rela.text.*)
 *(.rela.gnu.linkonce.t*)

.rel.fini
 *(.rel.fini)

.rela.fini
 *(.rela.fini)

.rel.rodata
 *(.rel.rodata)
 *(.rel.rodata.*)
 *(.rel.gnu.linkonce.r*)

.rela.rodata
 *(.rela.rodata)
 *(.rela.rodata.*)
 *(.rela.gnu.linkonce.r*)

.rel.data
 *(.rel.data)
 *(.rel.data.*)
 *(.rel.gnu.linkonce.d*)

.rela.data
 *(.rela.data)
 *(.rela.data.*)
 *(.rela.gnu.linkonce.d*)

.rel.ctors
 *(.rel.ctors)

.rela.ctors
 *(.rela.ctors)

.rel.dtors
 *(.rel.dtors)

.rela.dtors
 *(.rela.dtors)

.rel.got
 *(.rel.got)

.rela.got
 *(.rela.got)

.rel.bss
 *(.rel.bss)

.rela.bss
 *(.rela.bss)

.rel.plt
 *(.rel.plt)

.rela.plt
 *(.rela.plt)

.text           0x00000000     0x18d0
 *(.vectors)
 .vectors       0x00000000      0x1fc C:/Program Files (x86)/Atmel/Studio/7.0/Packs/Atmel/XMEGAA_DFP/1.2.141/gcc/dev/atxmega128a4u/avrxmega7/crtatxmega128a4u.o
                0x00000000                __vector_default
                0x00000000                __vectors
 *(.vectors)
 *(.progmem.gcc*)
                0x000001fc                . = ALIGN (0x2)
                0x000001fc                __trampolines_start = .
 *(.trampolines)
 .trampolines   0x000001fc        0x0 linker stubs
 *(.trampolines*)
                0x000001fc                __trampolines_end = .
 *libprintf_flt.a:*(.progmem.data)
 *libc.a:*(.progmem.data)
 *(.progmem*)
 .progmem.data.__c.5012
                0x000001fc        0xf common.o
 .progmem.data.__c.4877
                0x0000020b        0xc common.o
 .progmem.data.offsmap.4581
                0x00000217        0x8 common.o
                0x00000220                . = ALIGN (0x2)
 *fill*         0x0000021f        0x1 
 *(.jumptables)
 *(.jumptables*)
 *(.lowtext)
 *(.lowtext*)
                0x00000220                __ctors_start = .
 *(.ctors)
                0x00000220                __ctors_end = .
                0x00000220                __dtors_start = .
 *(.dtors)
                0x00000220                __dtors_end = .
 SORT(*)(.ctors)
 SORT(*)(.dtors)
 *(.init0)
 .init0         0x00000220        0x0 C:/Program Files (x86)/Atmel/Studio/7.0/Packs/Atmel/XMEGAA_DFP/1.2.141/gcc/dev/atxmega128a4u/avrxmega7/crtatxmega128a4u.o
                0x00000220                __init
 *(.init0)
 *(.init1)
 *(.init1)
 *(.init2)
 .init2         0x00000220       0x18 C:/Program Files (x86)/Atmel/Studio/7.0/Packs/Atmel/XMEGAA_DFP/1.2.141/gcc/dev/atxmega128a4u/avrxmega7/crtatxmega128a4u.o
 .init2         0x00000238        0x8 common.o
                0x00000238                com_init2
 *(.init2)
 *(.init3)
 *(.init3)
 *(.init4)
 .init4         0x00000240       0x1c c:/program files (x86)/atmel/studio/7.0/toolchain/avr8/avr8-gnu-toolchain/bin/../lib/gcc/avr/5.4.0/avrxmega7\libgcc.a(_copy_data.o)
                0x00000240                __do_copy_data
 .init4         0x0000025c       0x10 c:/program files (x86)/atmel/studio/7.0/toolchain/avr8/avr8-gnu-toolchain/bin/../lib/gcc/avr/5.4.0/avrxmega7\libgcc.a(_clear_bss.o)
                0x0000025c                __do_clear_bss
 *(.init4)
 *(.init5)
 *(.init5)
 *(.init6)
 *(.init6)
 *(.init7)
 *(.init7)
 *(.init8)
 *(.init8)
 *(.init9)
 .init9         0x0000026c        0x8 C:/Program Files (x86)/Atmel/Studio/7.0/Packs/Atmel/XMEGAA_DFP/1.2.141/gcc/dev/atxmega128a4u/avrxmega7/crtatxmega128a4u.o
 *(.init9)
 *(.text)
 .text          0x00000274        0x4 C:/Program Files (x86)/Atmel/Studio/7.0/Packs/Atmel/XMEGAA_DFP/1.2.141/gcc/dev/atxmega128a4u/avrxmega7/crtatxmega128a4u.o
                0x00000274                __vector_38
                0x00000274                __vector_104
                0x00000274                __vector_22
                0x00000274                __vector_63
                0x00000274                __vector_28
                0x00000274                __vector_67
                0x00000274                __vector_1
                0x00000274                __vector_119
                0x00000274                __vector_32
                0x00000274                __vector_75
                0x00000274                __vector_71
                0x00000274                __vector_91
                0x00000274                __vector_34
                0x00000274                __vector_62
                0x00000274                __vector_77
                0x00000274                __vector_102
                0x00000274                __vector_24
                0x00000274                __vector_12
                0x00000274                __vector_55
                0x00000274                __vector_69
                0x00000274                __vector_81
                0x00000274                __vector_90
                0x00000274                __vector_46
                0x00000274                __bad_interrupt
                0x00000274                __vector_122
                0x00000274                __vector_72
                0x00000274                __vector_114
                0x00000274                __vector_6
                0x00000274                __vector_110
                0x00000274                __vector_31
                0x00000274                __vector_92
                0x00000274                __vector_35
                0x00000274                __vector_78
                0x00000274                __vector_74
                0x00000274                __vector_117
                0x00000274                __vector_39
                0x00000274                __vector_107
                0x00000274                __vector_3
                0x00000274                __vector_105
                0x00000274                __vector_98
                0x00000274                __vector_23
                0x00000274                __vector_68
                0x00000274                __vector_30
                0x00000274                __vector_73
                0x00000274                __vector_45
                0x00000274                __vector_25
                0x00000274                __vector_93
                0x00000274                __vector_61
                0x00000274                __vector_11
                0x00000274                __vector_54
                0x00000274                __vector_99
                0x00000274                __vector_13
                0x00000274                __vector_17
                0x00000274                __vector_19
                0x00000274                __vector_56
                0x00000274                __vector_7
                0x00000274                __vector_125
                0x00000274                __vector_123
                0x00000274                __vector_41
                0x00000274                __vector_86
                0x00000274                __vector_100
                0x00000274                __vector_101
                0x00000274                __vector_64
                0x00000274                __vector_88
                0x00000274                __vector_109
                0x00000274                __vector_43
                0x00000274                __vector_27
                0x00000274                __vector_5
                0x00000274                __vector_113
                0x00000274                __vector_33
                0x00000274                __vector_76
                0x00000274                __vector_115
                0x00000274                __vector_52
                0x00000274                __vector_37
                0x00000274                __vector_95
                0x00000274                __vector_103
                0x00000274                __vector_96
                0x00000274                __vector_89
                0x00000274                __vector_108
                0x00000274                __vector_4
                0x00000274                __vector_44
                0x00000274                __vector_82
                0x00000274                __vector_106
                0x00000274                __vector_118
                0x00000274                __vector_51
                0x00000274                __vector_9
                0x00000274                __vector_2
                0x00000274                __vector_21
                0x00000274                __vector_15
                0x00000274                __vector_66
                0x00000274                __vector_36
                0x00000274                __vector_70
                0x00000274                __vector_83
                0x00000274                __vector_29
                0x00000274                __vector_121
                0x00000274                __vector_40
                0x00000274                __vector_85
                0x00000274                __vector_94
                0x00000274                __vector_126
                0x00000274                __vector_8
                0x00000274                __vector_26
                0x00000274                __vector_48
                0x00000274                __vector_124
                0x00000274                __vector_116
                0x00000274                __vector_112
                0x00000274                __vector_111
                0x00000274                __vector_80
                0x00000274                __vector_84
                0x00000274                __vector_57
                0x00000274                __vector_53
                0x00000274                __vector_10
                0x00000274                __vector_50
                0x00000274                __vector_59
                0x00000274                __vector_18
                0x00000274                __vector_97
                0x00000274                __vector_42
                0x00000274                __vector_87
                0x00000274                __vector_65
                0x00000274                __vector_120
                0x00000278                . = ALIGN (0x2)
 *(.text.*)
 .text.com_process_cmd_reset
                0x00000278       0x1a common.o
 .text.ws_read_switches
                0x00000292       0x62 common.o
 .text.ws_set_servo_deltatime
                0x000002f4       0x30 common.o
 .text.ws_get_channel
                0x00000324        0xe common.o
 .text.ws_show_status
                0x00000332       0x74 common.o
 .text.ws_init_sel_leds
                0x000003a6       0x18 common.o
 .text.ws_check_key_sel
                0x000003be       0x7c common.o
 .text.gbm_do_init_system
                0x0000043a        0x2 common.o
                0x0000043a                gbm_do_init_system
 .text.gbm_do_reg_read
                0x0000043c        0x4 common.o
                0x0000043c                gbm_do_reg_read
 .text.gbm_do_reg_write
                0x00000440        0x4 common.o
                0x00000440                gbm_do_reg_write
 .text.gbm_do_msg
                0x00000444        0x4 common.o
                0x00000444                gbm_do_msg
 .text.gbm_do_setup
                0x00000448        0x2 common.o
                0x00000448                gbm_do_setup
 .text.gbm_do_main
                0x0000044a        0x2 common.o
                0x0000044a                gbm_do_main
 .text.dcc_do_init_system
                0x0000044c        0x2 common.o
                0x0000044c                dcc_do_init_system
 .text.dcc_do_reg_read
                0x0000044e        0x4 common.o
                0x0000044e                dcc_do_reg_read
 .text.dcc_do_reg_write
                0x00000452        0x4 common.o
                0x00000452                dcc_do_reg_write
 .text.dcc_do_msg
                0x00000456        0x4 common.o
                0x00000456                dcc_do_msg
 .text.dcc_do_setup
                0x0000045a        0x2 common.o
                0x0000045a                dcc_do_setup
 .text.dcc_do_main
                0x0000045c        0x2 common.o
                0x0000045c                dcc_do_main
 .text.booster_do_init_system
                0x0000045e        0x2 common.o
                0x0000045e                booster_do_init_system
 .text.booster_do_reg_read
                0x00000460        0x4 common.o
                0x00000460                booster_do_reg_read
 .text.booster_do_reg_write
                0x00000464        0x4 common.o
                0x00000464                booster_do_reg_write
 .text.booster_do_msg
                0x00000468        0x4 common.o
                0x00000468                booster_do_msg
 .text.booster_do_setup
                0x0000046c        0x2 common.o
                0x0000046c                booster_do_setup
 .text.booster_do_main
                0x0000046e        0x2 common.o
                0x0000046e                booster_do_main
 .text.__vector_79
                0x00000470       0xa0 common.o
                0x00000470                __vector_79
 .text.__vector_20
                0x00000510       0x3a common.o
                0x00000510                __vector_20
 .text.mtester_do_init_system
                0x0000054a       0xc0 common.o
                0x0000054a                mtester_do_init_system
 .text.mtester_exec_step0
                0x0000060a       0x20 common.o
                0x0000060a                mtester_exec_step0
 .text.mtester_exec_step1
                0x0000062a       0x20 common.o
                0x0000062a                mtester_exec_step1
 .text.mtester_exec_step2
                0x0000064a       0x20 common.o
                0x0000064a                mtester_exec_step2
 .text.mtester_do_main
                0x0000066a       0x24 common.o
                0x0000066a                mtester_do_main
 .text.ws_servo_time_to_percent
                0x0000068e       0x24 common.o
                0x0000068e                ws_servo_time_to_percent
 .text.ws_check_key_action
                0x000006b2      0x104 common.o
 .text.ws_check_input
                0x000007b6       0x1a common.o
 .text.ws_percent_to_servo_time
                0x000007d0       0x16 common.o
                0x000007d0                ws_percent_to_servo_time
 .text.ws_init_servos
                0x000007e6      0x1fa common.o
 .text.ws_do_init_system
                0x000009e0       0xee common.o
                0x000009e0                ws_do_init_system
 .text.com_sched_init_system
                0x00000ace       0x62 common.o
                0x00000ace                com_sched_init_system
 .text.__vector_14
                0x00000b30      0x18c common.o
                0x00000b30                __vector_14
 .text.__vector_16
                0x00000cbc       0x30 common.o
                0x00000cbc                __vector_16
 .text.ws_do_reg_read
                0x00000cec       0xf2 common.o
                0x00000cec                ws_do_reg_read
 .text.com_sched_do_reg_read
                0x00000dde       0x42 common.o
                0x00000dde                com_sched_do_reg_read
 .text.com_reg_read
                0x00000e20       0xd8 common.o
 .text.ws_do_reg_write
                0x00000ef8      0x158 common.o
                0x00000ef8                ws_do_reg_write
 .text.com_sched_do_reg_write
                0x00001050       0x42 common.o
                0x00001050                com_sched_do_reg_write
 .text.ws_get_next_transmit_seq
                0x00001092       0x52 common.o
                0x00001092                ws_get_next_transmit_seq
 .text.ws_do_msg
                0x000010e4       0x5a common.o
                0x000010e4                ws_do_msg
 .text.com_sched_do_msg
                0x0000113e       0x42 common.o
                0x0000113e                com_sched_do_msg
 .text.ws_do_setup
                0x00001180        0xe common.o
                0x00001180                ws_do_setup
 .text.com_sched_do_setup
                0x0000118e       0x44 common.o
                0x0000118e                com_sched_do_setup
 .text.ws_do_main
                0x000011d2      0x1e8 common.o
                0x000011d2                ws_do_main
 .text.com_sched_do_main
                0x000013ba       0x46 common.o
                0x000013ba                com_sched_do_main
 .text.com_sched_do_before_bldr_activate
                0x00001400       0x46 common.o
                0x00001400                com_sched_do_before_bldr_activate
 .text.main     0x00001446      0x3b6 common.o
                0x00001446                main
 .text.libgcc.div
                0x000017fc       0x28 c:/program files (x86)/atmel/studio/7.0/toolchain/avr8/avr8-gnu-toolchain/bin/../lib/gcc/avr/5.4.0/avrxmega7\libgcc.a(_udivmodhi4.o)
                0x000017fc                __udivmodhi4
 .text.avr-libc
                0x00001824       0x20 C:/Program Files (x86)/Atmel/Studio/7.0/Packs/Atmel/XMEGAA_DFP/1.2.141/gcc/dev/atxmega128a4u/avrxmega7\libatxmega128a4u.a(eeupd_block.o)
                0x00001824                eeprom_update_block
 .text.avr-libc
                0x00001844       0x16 C:/Program Files (x86)/Atmel/Studio/7.0/Packs/Atmel/XMEGAA_DFP/1.2.141/gcc/dev/atxmega128a4u/avrxmega7\libatxmega128a4u.a(eeupd_byte.o)
                0x00001844                eeprom_update_byte
                0x00001846                eeprom_update_r18
 .text.avr-libc
                0x0000185a        0xc C:/Program Files (x86)/Atmel/Studio/7.0/Packs/Atmel/XMEGAA_DFP/1.2.141/gcc/dev/atxmega128a4u/avrxmega7\libatxmega128a4u.a(eeupd_word.o)
                0x0000185a                eeprom_update_word
 .text.avr-libc
                0x00001866       0x46 C:/Program Files (x86)/Atmel/Studio/7.0/Packs/Atmel/XMEGAA_DFP/1.2.141/gcc/dev/atxmega128a4u/avrxmega7\libatxmega128a4u.a(eewr_byte.o)
                0x00001866                eeprom_write_byte
                0x00001868                eeprom_write_r18
 .text.avr-libc
                0x000018ac       0x20 C:/Program Files (x86)/Atmel/Studio/7.0/Packs/Atmel/XMEGAA_DFP/1.2.141/gcc/dev/atxmega128a4u/avrxmega7\libatxmega128a4u.a(eerd_byte.o)
                0x000018ac                eeprom_read_byte
                0x000018b4                eeprom_mapen
                0x000018cc                . = ALIGN (0x2)
 *(.fini9)
 .fini9         0x000018cc        0x0 c:/program files (x86)/atmel/studio/7.0/toolchain/avr8/avr8-gnu-toolchain/bin/../lib/gcc/avr/5.4.0/avrxmega7\libgcc.a(_exit.o)
                0x000018cc                _exit
                0x000018cc                exit
 *(.fini9)
 *(.fini8)
 *(.fini8)
 *(.fini7)
 *(.fini7)
 *(.fini6)
 *(.fini6)
 *(.fini5)
 *(.fini5)
 *(.fini4)
 *(.fini4)
 *(.fini3)
 *(.fini3)
 *(.fini2)
 *(.fini2)
 *(.fini1)
 *(.fini1)
 *(.fini0)
 .fini0         0x000018cc        0x4 c:/program files (x86)/atmel/studio/7.0/toolchain/avr8/avr8-gnu-toolchain/bin/../lib/gcc/avr/5.4.0/avrxmega7\libgcc.a(_exit.o)
 *(.fini0)
                0x000018d0                _etext = .

.data           0x00802000        0x2 load address 0x000018d0
                0x00802000                PROVIDE (__data_start, .)
 *(.data)
 *(.data*)
 .data.step     0x00802000        0x1 common.o
                0x00802000                step
 *(.gnu.linkonce.d*)
 *(.rodata)
 *(.rodata*)
 *(.gnu.linkonce.r*)
                0x00802002                . = ALIGN (0x2)
 *fill*         0x00802001        0x1 
                0x00802002                _edata = .
                0x00802002                PROVIDE (__data_end, .)

.bss            0x00802002      0x23a
                0x00802002                PROVIDE (__bss_start, .)
 *(.bss)
 *(.bss*)
 .bss.g_dev_errflags
                0x00802002        0x1 bootloader-fw.o
                0x00802002                g_dev_errflags
 .bss.g_dev_state
                0x00802003        0x1 bootloader-fw.o
                0x00802003                g_dev_state
 .bss.ws_v      0x00802004       0xb2 common.o
                0x00802004                ws_v
 .bss.g_com     0x008020b6       0x11 common.o
                0x008020b6                g_com
 *(COMMON)
 COMMON         0x008020c7      0x175 bootloader-fw.o
                0x008020c7                g_v
                0x0080223c                PROVIDE (__bss_end, .)
                0x000018d0                __data_load_start = LOADADDR (.data)
                0x000018d2                __data_load_end = (__data_load_start + SIZEOF (.data))

.noinit         0x0080223c        0x0
                [!provide]                PROVIDE (__noinit_start, .)
 *(.noinit*)
                [!provide]                PROVIDE (__noinit_end, .)
                0x0080223c                _end = .
                [!provide]                PROVIDE (__heap_start, .)

.eeprom         0x00810000       0x80
 *(.eeprom*)
 .eeprom        0x00810000       0x80 common.o
                0x00810000                ws_eeprom
                0x00810080                __eeprom_end = .

.fuse
 *(.fuse)
 *(.lfuse)
 *(.hfuse)
 *(.efuse)

.lock
 *(.lock*)

.signature
 *(.signature*)

.user_signatures
 *(.user_signatures*)

.stab
 *(.stab)

.stabstr
 *(.stabstr)

.stab.excl
 *(.stab.excl)

.stab.exclstr
 *(.stab.exclstr)

.stab.index
 *(.stab.index)

.stab.indexstr
 *(.stab.indexstr)

.comment        0x00000000       0x30
 *(.comment)
 .comment       0x00000000       0x30 bootloader-crt0.o
                                 0x31 (size before relaxing)
 .comment       0x00000030       0x31 bootloader-fw.o
 .comment       0x00000030       0x31 common.o

.note.gnu.avr.deviceinfo
                0x00000000       0x40
 .note.gnu.avr.deviceinfo
                0x00000000       0x40 C:/Program Files (x86)/Atmel/Studio/7.0/Packs/Atmel/XMEGAA_DFP/1.2.141/gcc/dev/atxmega128a4u/avrxmega7/crtatxmega128a4u.o

.note.gnu.build-id
 *(.note.gnu.build-id)

.debug
 *(.debug)

.line
 *(.line)

.debug_srcinfo
 *(.debug_srcinfo)

.debug_sfnames
 *(.debug_sfnames)

.debug_aranges  0x00000000      0x4a0
 *(.debug_aranges)
 .debug_aranges
                0x00000000       0x20 bootloader-crt0.o
 .debug_aranges
                0x00000020      0x168 bootloader-fw.o
 .debug_aranges
                0x00000188      0x278 common.o
 .debug_aranges
                0x00000400       0x20 C:/Program Files (x86)/Atmel/Studio/7.0/Packs/Atmel/XMEGAA_DFP/1.2.141/gcc/dev/atxmega128a4u/avrxmega7\libatxmega128a4u.a(eeupd_block.o)
 .debug_aranges
                0x00000420       0x20 C:/Program Files (x86)/Atmel/Studio/7.0/Packs/Atmel/XMEGAA_DFP/1.2.141/gcc/dev/atxmega128a4u/avrxmega7\libatxmega128a4u.a(eeupd_byte.o)
 .debug_aranges
                0x00000440       0x20 C:/Program Files (x86)/Atmel/Studio/7.0/Packs/Atmel/XMEGAA_DFP/1.2.141/gcc/dev/atxmega128a4u/avrxmega7\libatxmega128a4u.a(eeupd_word.o)
 .debug_aranges
                0x00000460       0x20 C:/Program Files (x86)/Atmel/Studio/7.0/Packs/Atmel/XMEGAA_DFP/1.2.141/gcc/dev/atxmega128a4u/avrxmega7\libatxmega128a4u.a(eewr_byte.o)
 .debug_aranges
                0x00000480       0x20 C:/Program Files (x86)/Atmel/Studio/7.0/Packs/Atmel/XMEGAA_DFP/1.2.141/gcc/dev/atxmega128a4u/avrxmega7\libatxmega128a4u.a(eerd_byte.o)

.debug_pubnames
 *(.debug_pubnames)

.debug_info     0x00000000     0xb0bf
 *(.debug_info .gnu.linkonce.wi.*)
 .debug_info    0x00000000     0x284f C:/Program Files (x86)/Atmel/Studio/7.0/Packs/Atmel/XMEGAA_DFP/1.2.141/gcc/dev/atxmega128a4u/avrxmega7/crtatxmega128a4u.o
 .debug_info    0x0000284f      0x19e bootloader-crt0.o
 .debug_info    0x000029ed     0x452c bootloader-fw.o
 .debug_info    0x00006f19     0x3e78 common.o
 .debug_info    0x0000ad91       0xa4 C:/Program Files (x86)/Atmel/Studio/7.0/Packs/Atmel/XMEGAA_DFP/1.2.141/gcc/dev/atxmega128a4u/avrxmega7\libatxmega128a4u.a(eeupd_block.o)
 .debug_info    0x0000ae35       0xa3 C:/Program Files (x86)/Atmel/Studio/7.0/Packs/Atmel/XMEGAA_DFP/1.2.141/gcc/dev/atxmega128a4u/avrxmega7\libatxmega128a4u.a(eeupd_byte.o)
 .debug_info    0x0000aed8       0xa3 C:/Program Files (x86)/Atmel/Studio/7.0/Packs/Atmel/XMEGAA_DFP/1.2.141/gcc/dev/atxmega128a4u/avrxmega7\libatxmega128a4u.a(eeupd_word.o)
 .debug_info    0x0000af7b       0xa2 C:/Program Files (x86)/Atmel/Studio/7.0/Packs/Atmel/XMEGAA_DFP/1.2.141/gcc/dev/atxmega128a4u/avrxmega7\libatxmega128a4u.a(eewr_byte.o)
 .debug_info    0x0000b01d       0xa2 C:/Program Files (x86)/Atmel/Studio/7.0/Packs/Atmel/XMEGAA_DFP/1.2.141/gcc/dev/atxmega128a4u/avrxmega7\libatxmega128a4u.a(eerd_byte.o)

.debug_abbrev   0x00000000     0x33e5
 *(.debug_abbrev)
 .debug_abbrev  0x00000000     0x262c C:/Program Files (x86)/Atmel/Studio/7.0/Packs/Atmel/XMEGAA_DFP/1.2.141/gcc/dev/atxmega128a4u/avrxmega7/crtatxmega128a4u.o
 .debug_abbrev  0x0000262c       0x9f bootloader-crt0.o
 .debug_abbrev  0x000026cb      0x5b7 bootloader-fw.o
 .debug_abbrev  0x00002c82      0x6ff common.o
 .debug_abbrev  0x00003381       0x14 C:/Program Files (x86)/Atmel/Studio/7.0/Packs/Atmel/XMEGAA_DFP/1.2.141/gcc/dev/atxmega128a4u/avrxmega7\libatxmega128a4u.a(eeupd_block.o)
 .debug_abbrev  0x00003395       0x14 C:/Program Files (x86)/Atmel/Studio/7.0/Packs/Atmel/XMEGAA_DFP/1.2.141/gcc/dev/atxmega128a4u/avrxmega7\libatxmega128a4u.a(eeupd_byte.o)
 .debug_abbrev  0x000033a9       0x14 C:/Program Files (x86)/Atmel/Studio/7.0/Packs/Atmel/XMEGAA_DFP/1.2.141/gcc/dev/atxmega128a4u/avrxmega7\libatxmega128a4u.a(eeupd_word.o)
 .debug_abbrev  0x000033bd       0x14 C:/Program Files (x86)/Atmel/Studio/7.0/Packs/Atmel/XMEGAA_DFP/1.2.141/gcc/dev/atxmega128a4u/avrxmega7\libatxmega128a4u.a(eewr_byte.o)
 .debug_abbrev  0x000033d1       0x14 C:/Program Files (x86)/Atmel/Studio/7.0/Packs/Atmel/XMEGAA_DFP/1.2.141/gcc/dev/atxmega128a4u/avrxmega7\libatxmega128a4u.a(eerd_byte.o)

.debug_line     0x00000000     0x3f49
 *(.debug_line .debug_line.* .debug_line_end)
 .debug_line    0x00000000      0x3b5 C:/Program Files (x86)/Atmel/Studio/7.0/Packs/Atmel/XMEGAA_DFP/1.2.141/gcc/dev/atxmega128a4u/avrxmega7/crtatxmega128a4u.o
 .debug_line    0x000003b5       0xdf bootloader-crt0.o
 .debug_line    0x00000494     0x1ccf bootloader-fw.o
 .debug_line    0x00002163     0x1a9b common.o
 .debug_line    0x00003bfe       0xa5 C:/Program Files (x86)/Atmel/Studio/7.0/Packs/Atmel/XMEGAA_DFP/1.2.141/gcc/dev/atxmega128a4u/avrxmega7\libatxmega128a4u.a(eeupd_block.o)
 .debug_line    0x00003ca3       0x80 C:/Program Files (x86)/Atmel/Studio/7.0/Packs/Atmel/XMEGAA_DFP/1.2.141/gcc/dev/atxmega128a4u/avrxmega7\libatxmega128a4u.a(eeupd_byte.o)
 .debug_line    0x00003d23       0x62 C:/Program Files (x86)/Atmel/Studio/7.0/Packs/Atmel/XMEGAA_DFP/1.2.141/gcc/dev/atxmega128a4u/avrxmega7\libatxmega128a4u.a(eeupd_word.o)
 .debug_line    0x00003d85      0x11b C:/Program Files (x86)/Atmel/Studio/7.0/Packs/Atmel/XMEGAA_DFP/1.2.141/gcc/dev/atxmega128a4u/avrxmega7\libatxmega128a4u.a(eewr_byte.o)
 .debug_line    0x00003ea0       0xa9 C:/Program Files (x86)/Atmel/Studio/7.0/Packs/Atmel/XMEGAA_DFP/1.2.141/gcc/dev/atxmega128a4u/avrxmega7\libatxmega128a4u.a(eerd_byte.o)

.debug_frame    0x00000000      0xbf0
 *(.debug_frame)
 .debug_frame   0x00000000       0x24 bootloader-crt0.o
 .debug_frame   0x00000024      0x540 bootloader-fw.o
 .debug_frame   0x00000564      0x68c common.o

.debug_str      0x00000000     0x4edb
 *(.debug_str)
 .debug_str     0x00000000     0x1aa8 C:/Program Files (x86)/Atmel/Studio/7.0/Packs/Atmel/XMEGAA_DFP/1.2.141/gcc/dev/atxmega128a4u/avrxmega7/crtatxmega128a4u.o
 .debug_str     0x00001aa8      0x1df bootloader-crt0.o
                                0x225 (size before relaxing)
 .debug_str     0x00001c87     0x2920 bootloader-fw.o
                               0x2c48 (size before relaxing)
 .debug_str     0x000045a7      0x934 common.o
                               0x1cd0 (size before relaxing)

.debug_loc      0x00000000     0x51bd
 *(.debug_loc)
 .debug_loc     0x00000000       0x33 bootloader-crt0.o
 .debug_loc     0x00000033     0x2cea bootloader-fw.o
 .debug_loc     0x00002d1d     0x24a0 common.o

.debug_macinfo
 *(.debug_macinfo)

.debug_weaknames
 *(.debug_weaknames)

.debug_funcnames
 *(.debug_funcnames)

.debug_typenames
 *(.debug_typenames)

.debug_varnames
 *(.debug_varnames)

.debug_pubtypes
 *(.debug_pubtypes)

.debug_ranges   0x00000000      0x838
 *(.debug_ranges)
 .debug_ranges  0x00000000       0x10 bootloader-crt0.o
 .debug_ranges  0x00000010      0x3a8 bootloader-fw.o
 .debug_ranges  0x000003b8      0x480 common.o

.debug_macro
 *(.debug_macro)
OUTPUT(sboxnet.elf elf32-avr)
LOAD linker stubs

.appcrc         0x00010000        0x0

.bldrapp        0x00010100     0x174e
 .bldrapp       0x00010100     0x174e bootloader-fw.o
                0x0001036a                __vector_58
                0x00010580                __vector_60
                0x00010dac                __vector_49

.bldrinit       0x00020000      0x19c
 .bldrinit      0x00020000      0x19c bootloader-crt0.o
                0x0002017e                __bldr_init

.bldrvec        0x00020200       0x40
 .bldrvec       0x00020200       0x40 bootloader-fw.o
                0x00020200                bldr_activate
                0x00020204                bldr_task
                0x00020208                bldr_process_basic_msg
                0x0002020c                bldr_reg_read
                0x00020210                sbn_init
                0x00020214                sbn_receive_msg
                0x00020218                sbn_send_msg
                0x0002021c                sbn_all_sent

.bootloader     0x00020242      0x33a
 .bootloader    0x00020242      0x33a bootloader-fw.o
                0x00020284                __vector_47
                0x00020352                bldr_init_ports
                0x000203ba                bldr_init_devvars
                0x000203c4                bldr_init_pr
                0x000203d2                bldr_init_sboxnettimer
                0x000203f4                bldr_init_vars
                0x00020450                bldr_init_modules
                0x0002048e                bldr_start

.bldrcrc        0x00021dfe        0x0

.bldrstatic     0x00021b00      0x202
 .bldrstatic    0x00021b00      0x202 bootloader-fw.o

.bldrstatvec    0x00021ff6        0x8
 .bldrstatvec   0x00021ff6        0x8 bootloader-fw.o
                0x00021ff8                sbldr_e2prom_write
