Archive member included to satisfy reference by file (symbol)

c:/program files (x86)/atmel/studio/7.0/toolchain/avr8/avr8-gnu-toolchain/bin/../lib/gcc/avr/5.4.0/avrxmega4\libgcc.a(_exit.o)
                              C:/Program Files (x86)/Atmel/Studio/7.0/Packs/Atmel/XMEGAA_DFP/1.2.141/gcc/dev/atxmega64a4u/avrxmega4/crtatxmega64a4u.o (exit)
c:/program files (x86)/atmel/studio/7.0/toolchain/avr8/avr8-gnu-toolchain/bin/../lib/gcc/avr/5.4.0/avrxmega4\libgcc.a(_copy_data.o)
                              mtester.o (__do_copy_data)
c:/program files (x86)/atmel/studio/7.0/toolchain/avr8/avr8-gnu-toolchain/bin/../lib/gcc/avr/5.4.0/avrxmega4\libgcc.a(_clear_bss.o)
                              bootloader-fw.o (__do_clear_bss)
C:/Program Files (x86)/Atmel/Studio/7.0/Packs/Atmel/XMEGAA_DFP/1.2.141/gcc/dev/atxmega64a4u/avrxmega4\libatxmega64a4u.a(eeupd_block.o)
                              common.o (eeprom_update_block)
C:/Program Files (x86)/Atmel/Studio/7.0/Packs/Atmel/XMEGAA_DFP/1.2.141/gcc/dev/atxmega64a4u/avrxmega4\libatxmega64a4u.a(eeupd_byte.o)
                              common.o (eeprom_update_byte)
C:/Program Files (x86)/Atmel/Studio/7.0/Packs/Atmel/XMEGAA_DFP/1.2.141/gcc/dev/atxmega64a4u/avrxmega4\libatxmega64a4u.a(eeupd_word.o)
                              common.o (eeprom_update_word)
C:/Program Files (x86)/Atmel/Studio/7.0/Packs/Atmel/XMEGAA_DFP/1.2.141/gcc/dev/atxmega64a4u/avrxmega4\libatxmega64a4u.a(eewr_byte.o)
                              C:/Program Files (x86)/Atmel/Studio/7.0/Packs/Atmel/XMEGAA_DFP/1.2.141/gcc/dev/atxmega64a4u/avrxmega4\libatxmega64a4u.a(eeupd_byte.o) (eeprom_write_r18)
C:/Program Files (x86)/Atmel/Studio/7.0/Packs/Atmel/XMEGAA_DFP/1.2.141/gcc/dev/atxmega64a4u/avrxmega4\libatxmega64a4u.a(eerd_byte.o)
                              C:/Program Files (x86)/Atmel/Studio/7.0/Packs/Atmel/XMEGAA_DFP/1.2.141/gcc/dev/atxmega64a4u/avrxmega4\libatxmega64a4u.a(eeupd_byte.o) (eeprom_mapen)

Allocating common symbols
Common symbol       size              file

g_v                 0x173             bootloader-fw.o

Discarded input sections

 .data          0x00000000        0x0 C:/Program Files (x86)/Atmel/Studio/7.0/Packs/Atmel/XMEGAA_DFP/1.2.141/gcc/dev/atxmega64a4u/avrxmega4/crtatxmega64a4u.o
 .bss           0x00000000        0x0 C:/Program Files (x86)/Atmel/Studio/7.0/Packs/Atmel/XMEGAA_DFP/1.2.141/gcc/dev/atxmega64a4u/avrxmega4/crtatxmega64a4u.o
 .group         0x00000000        0x8 bootloader-crt0.o
 .group         0x00000000        0x8 bootloader-crt0.o
 .group         0x00000000        0x8 bootloader-crt0.o
 .group         0x00000000        0x8 bootloader-crt0.o
 .group         0x00000000        0x8 bootloader-crt0.o
 .group         0x00000000        0x8 bootloader-crt0.o
 .group         0x00000000        0x8 bootloader-crt0.o
 .group         0x00000000        0x8 bootloader-crt0.o
 .group         0x00000000        0x8 bootloader-crt0.o
 .group         0x00000000        0x8 bootloader-crt0.o
 .group         0x00000000        0x8 bootloader-crt0.o
 .group         0x00000000        0x8 bootloader-crt0.o
 .group         0x00000000        0x8 bootloader-crt0.o
 .group         0x00000000        0x8 bootloader-crt0.o
 .group         0x00000000        0x8 bootloader-crt0.o
 .group         0x00000000        0x8 bootloader-crt0.o
 .group         0x00000000        0x8 bootloader-crt0.o
 .group         0x00000000        0x8 bootloader-crt0.o
 .group         0x00000000        0x8 bootloader-crt0.o
 .group         0x00000000        0x8 bootloader-crt0.o
 .group         0x00000000        0x8 bootloader-crt0.o
 .group         0x00000000        0x8 bootloader-crt0.o
 .group         0x00000000        0x8 bootloader-crt0.o
 .group         0x00000000        0x8 bootloader-crt0.o
 .group         0x00000000        0x8 bootloader-crt0.o
 .group         0x00000000        0x8 bootloader-crt0.o
 .group         0x00000000        0x8 bootloader-crt0.o
 .group         0x00000000        0x8 bootloader-crt0.o
 .group         0x00000000        0x8 bootloader-crt0.o
 .text          0x00000000        0x0 bootloader-crt0.o
 .data          0x00000000        0x0 bootloader-crt0.o
 .bss           0x00000000        0x0 bootloader-crt0.o
 .group         0x00000000        0x8 bootloader-fw.o
 .group         0x00000000        0x8 bootloader-fw.o
 .group         0x00000000        0x8 bootloader-fw.o
 .group         0x00000000        0x8 bootloader-fw.o
 .group         0x00000000        0x8 bootloader-fw.o
 .group         0x00000000        0x8 bootloader-fw.o
 .group         0x00000000        0x8 bootloader-fw.o
 .group         0x00000000        0x8 bootloader-fw.o
 .group         0x00000000        0x8 bootloader-fw.o
 .group         0x00000000        0x8 bootloader-fw.o
 .group         0x00000000        0x8 bootloader-fw.o
 .group         0x00000000        0x8 bootloader-fw.o
 .group         0x00000000        0x8 bootloader-fw.o
 .group         0x00000000        0x8 bootloader-fw.o
 .group         0x00000000        0x8 bootloader-fw.o
 .group         0x00000000        0x8 bootloader-fw.o
 .group         0x00000000        0x8 bootloader-fw.o
 .group         0x00000000        0x8 bootloader-fw.o
 .group         0x00000000        0x8 bootloader-fw.o
 .group         0x00000000        0x8 bootloader-fw.o
 .group         0x00000000        0x8 bootloader-fw.o
 .group         0x00000000        0x8 bootloader-fw.o
 .group         0x00000000        0x8 bootloader-fw.o
 .group         0x00000000        0x8 bootloader-fw.o
 .group         0x00000000        0x8 bootloader-fw.o
 .group         0x00000000        0x8 bootloader-fw.o
 .group         0x00000000        0x8 bootloader-fw.o
 .group         0x00000000        0x8 bootloader-fw.o
 .group         0x00000000        0x8 bootloader-fw.o
 .group         0x00000000        0x8 bootloader-fw.o
 .text          0x00000000        0x0 bootloader-fw.o
 .data          0x00000000        0x0 bootloader-fw.o
 .bss           0x00000000        0x0 bootloader-fw.o
 .bldrfwheader  0x00000000       0x20 bootloader-fw.o
 .text.timer_register
                0x00000000       0x30 bootloader-fw.o
 .text.timer_timedout
                0x00000000        0xe bootloader-fw.o
 .text.timer_set
                0x00000000        0x6 bootloader-fw.o
 .bldrcrc       0x00000000        0x2 bootloader-fw.o
 .debug_macro   0x00000000       0x16 bootloader-fw.o
 .debug_macro   0x00000000      0x16d bootloader-fw.o
 .debug_macro   0x00000000      0x1c9 bootloader-fw.o
 .debug_macro   0x00000000       0x10 bootloader-fw.o
 .debug_macro   0x00000000      0x302 bootloader-fw.o
 .debug_macro   0x00000000       0x35 bootloader-fw.o
 .debug_macro   0x00000000       0xaa bootloader-fw.o
 .debug_macro   0x00000000     0x5a60 bootloader-fw.o
 .debug_macro   0x00000000       0x9a bootloader-fw.o
 .debug_macro   0x00000000       0xf1 bootloader-fw.o
 .debug_macro   0x00000000       0x34 bootloader-fw.o
 .debug_macro   0x00000000       0x16 bootloader-fw.o
 .debug_macro   0x00000000       0x18 bootloader-fw.o
 .debug_macro   0x00000000       0x5e bootloader-fw.o
 .debug_macro   0x00000000      0x181 bootloader-fw.o
 .debug_macro   0x00000000       0x69 bootloader-fw.o
 .debug_macro   0x00000000       0x68 bootloader-fw.o
 .debug_macro   0x00000000       0x34 bootloader-fw.o
 .debug_macro   0x00000000       0x10 bootloader-fw.o
 .debug_macro   0x00000000      0x160 bootloader-fw.o
 .debug_macro   0x00000000       0x42 bootloader-fw.o
 .debug_macro   0x00000000       0x33 bootloader-fw.o
 .debug_macro   0x00000000       0x16 bootloader-fw.o
 .debug_macro   0x00000000       0x16 bootloader-fw.o
 .debug_macro   0x00000000       0xd6 bootloader-fw.o
 .debug_macro   0x00000000       0x2e bootloader-fw.o
 .debug_macro   0x00000000      0x1b9 bootloader-fw.o
 .debug_macro   0x00000000       0x16 bootloader-fw.o
 .debug_macro   0x00000000      0x155 bootloader-fw.o
 .group         0x00000000        0x8 common.o
 .group         0x00000000        0x8 common.o
 .group         0x00000000        0x8 common.o
 .group         0x00000000        0x8 common.o
 .group         0x00000000        0x8 common.o
 .group         0x00000000        0x8 common.o
 .group         0x00000000        0x8 common.o
 .group         0x00000000        0x8 common.o
 .group         0x00000000        0x8 common.o
 .group         0x00000000        0x8 common.o
 .group         0x00000000        0x8 common.o
 .group         0x00000000        0x8 common.o
 .group         0x00000000        0x8 common.o
 .group         0x00000000        0x8 common.o
 .group         0x00000000        0x8 common.o
 .group         0x00000000        0x8 common.o
 .group         0x00000000        0x8 common.o
 .group         0x00000000        0x8 common.o
 .group         0x00000000        0x8 common.o
 .group         0x00000000        0x8 common.o
 .group         0x00000000        0x8 common.o
 .group         0x00000000        0x8 common.o
 .group         0x00000000        0x8 common.o
 .group         0x00000000        0x8 common.o
 .group         0x00000000        0x8 common.o
 .group         0x00000000        0x8 common.o
 .group         0x00000000        0x8 common.o
 .group         0x00000000        0x8 common.o
 .group         0x00000000        0x8 common.o
 .text          0x00000000        0x0 common.o
 .data          0x00000000        0x0 common.o
 .bss           0x00000000        0x0 common.o
 .text.ringbuf_init
                0x00000000        0xc common.o
 .text.ringbuf_read
                0x00000000       0x2e common.o
 .text.ringbuf_write
                0x00000000       0x28 common.o
 .text.bitmask  0x00000000        0xc common.o
 .text.do_init_system
                0x00000000        0x2 common.o
 .text.do_reg_read
                0x00000000        0x4 common.o
 .text.do_reg_write
                0x00000000        0x4 common.o
 .text.do_msg   0x00000000        0x4 common.o
 .text.do_setup
                0x00000000        0x2 common.o
 .text.do_main  0x00000000        0x2 common.o
 .text.do_before_bldr_activate
                0x00000000        0x2 common.o
 .progmem.data.offsmap.4476
                0x00000000        0x8 common.o
 .debug_macro   0x00000000       0x16 common.o
 .debug_macro   0x00000000      0x16d common.o
 .debug_macro   0x00000000      0x1c9 common.o
 .debug_macro   0x00000000       0x10 common.o
 .debug_macro   0x00000000      0x302 common.o
 .debug_macro   0x00000000       0x35 common.o
 .debug_macro   0x00000000       0xaa common.o
 .debug_macro   0x00000000     0x5a60 common.o
 .debug_macro   0x00000000       0x9a common.o
 .debug_macro   0x00000000       0xf1 common.o
 .debug_macro   0x00000000       0x34 common.o
 .debug_macro   0x00000000       0x16 common.o
 .debug_macro   0x00000000       0x18 common.o
 .debug_macro   0x00000000       0x5e common.o
 .debug_macro   0x00000000      0x181 common.o
 .debug_macro   0x00000000       0x69 common.o
 .debug_macro   0x00000000       0x68 common.o
 .debug_macro   0x00000000       0x34 common.o
 .debug_macro   0x00000000       0x10 common.o
 .debug_macro   0x00000000      0x160 common.o
 .debug_macro   0x00000000       0x42 common.o
 .debug_macro   0x00000000       0x33 common.o
 .debug_macro   0x00000000       0x16 common.o
 .debug_macro   0x00000000       0x16 common.o
 .debug_macro   0x00000000       0xd6 common.o
 .debug_macro   0x00000000       0x2e common.o
 .debug_macro   0x00000000      0x1b9 common.o
 .debug_macro   0x00000000       0x16 common.o
 .debug_macro   0x00000000      0x155 common.o
 .group         0x00000000        0x8 mtester.o
 .group         0x00000000        0x8 mtester.o
 .group         0x00000000        0x8 mtester.o
 .group         0x00000000        0x8 mtester.o
 .group         0x00000000        0x8 mtester.o
 .group         0x00000000        0x8 mtester.o
 .group         0x00000000        0x8 mtester.o
 .group         0x00000000        0x8 mtester.o
 .group         0x00000000        0x8 mtester.o
 .group         0x00000000        0x8 mtester.o
 .group         0x00000000        0x8 mtester.o
 .group         0x00000000        0x8 mtester.o
 .group         0x00000000        0x8 mtester.o
 .group         0x00000000        0x8 mtester.o
 .group         0x00000000        0x8 mtester.o
 .group         0x00000000        0x8 mtester.o
 .group         0x00000000        0x8 mtester.o
 .group         0x00000000        0x8 mtester.o
 .group         0x00000000        0x8 mtester.o
 .group         0x00000000        0x8 mtester.o
 .group         0x00000000        0x8 mtester.o
 .group         0x00000000        0x8 mtester.o
 .group         0x00000000        0x8 mtester.o
 .group         0x00000000        0x8 mtester.o
 .group         0x00000000        0x8 mtester.o
 .group         0x00000000        0x8 mtester.o
 .group         0x00000000        0x8 mtester.o
 .group         0x00000000        0x8 mtester.o
 .group         0x00000000        0x8 mtester.o
 .text          0x00000000        0x0 mtester.o
 .data          0x00000000        0x0 mtester.o
 .bss           0x00000000        0x0 mtester.o
 .fwheader      0x00000000       0x20 mtester.o
 .text.do_before_bldr_activate
                0x00000000        0x2 mtester.o
 .debug_macro   0x00000000       0x16 mtester.o
 .debug_macro   0x00000000      0x16d mtester.o
 .debug_macro   0x00000000      0x1c9 mtester.o
 .debug_macro   0x00000000       0x10 mtester.o
 .debug_macro   0x00000000      0x302 mtester.o
 .debug_macro   0x00000000       0x35 mtester.o
 .debug_macro   0x00000000       0xaa mtester.o
 .debug_macro   0x00000000     0x5a60 mtester.o
 .debug_macro   0x00000000       0x9a mtester.o
 .debug_macro   0x00000000       0xf1 mtester.o
 .debug_macro   0x00000000       0x34 mtester.o
 .debug_macro   0x00000000       0x16 mtester.o
 .debug_macro   0x00000000       0x18 mtester.o
 .debug_macro   0x00000000       0x5e mtester.o
 .debug_macro   0x00000000      0x181 mtester.o
 .debug_macro   0x00000000       0x69 mtester.o
 .debug_macro   0x00000000       0x68 mtester.o
 .debug_macro   0x00000000       0x34 mtester.o
 .debug_macro   0x00000000       0x10 mtester.o
 .debug_macro   0x00000000      0x160 mtester.o
 .debug_macro   0x00000000       0x42 mtester.o
 .debug_macro   0x00000000       0x33 mtester.o
 .debug_macro   0x00000000       0x16 mtester.o
 .debug_macro   0x00000000       0x16 mtester.o
 .debug_macro   0x00000000       0xd6 mtester.o
 .debug_macro   0x00000000       0x2e mtester.o
 .debug_macro   0x00000000      0x1b9 mtester.o
 .debug_macro   0x00000000       0x16 mtester.o
 .debug_macro   0x00000000      0x155 mtester.o
 .text          0x00000000        0x0 c:/program files (x86)/atmel/studio/7.0/toolchain/avr8/avr8-gnu-toolchain/bin/../lib/gcc/avr/5.4.0/avrxmega4\libgcc.a(_exit.o)
 .data          0x00000000        0x0 c:/program files (x86)/atmel/studio/7.0/toolchain/avr8/avr8-gnu-toolchain/bin/../lib/gcc/avr/5.4.0/avrxmega4\libgcc.a(_exit.o)
 .bss           0x00000000        0x0 c:/program files (x86)/atmel/studio/7.0/toolchain/avr8/avr8-gnu-toolchain/bin/../lib/gcc/avr/5.4.0/avrxmega4\libgcc.a(_exit.o)
 .text.libgcc.mul
                0x00000000        0x0 c:/program files (x86)/atmel/studio/7.0/toolchain/avr8/avr8-gnu-toolchain/bin/../lib/gcc/avr/5.4.0/avrxmega4\libgcc.a(_exit.o)
 .text.libgcc.div
                0x00000000        0x0 c:/program files (x86)/atmel/studio/7.0/toolchain/avr8/avr8-gnu-toolchain/bin/../lib/gcc/avr/5.4.0/avrxmega4\libgcc.a(_exit.o)
 .text.libgcc   0x00000000        0x0 c:/program files (x86)/atmel/studio/7.0/toolchain/avr8/avr8-gnu-toolchain/bin/../lib/gcc/avr/5.4.0/avrxmega4\libgcc.a(_exit.o)
 .text.libgcc.prologue
                0x00000000        0x0 c:/program files (x86)/atmel/studio/7.0/toolchain/avr8/avr8-gnu-toolchain/bin/../lib/gcc/avr/5.4.0/avrxmega4\libgcc.a(_exit.o)
 .text.libgcc.builtins
                0x00000000        0x0 c:/program files (x86)/atmel/studio/7.0/toolchain/avr8/avr8-gnu-toolchain/bin/../lib/gcc/avr/5.4.0/avrxmega4\libgcc.a(_exit.o)
 .text.libgcc.fmul
                0x00000000        0x0 c:/program files (x86)/atmel/studio/7.0/toolchain/avr8/avr8-gnu-toolchain/bin/../lib/gcc/avr/5.4.0/avrxmega4\libgcc.a(_exit.o)
 .text.libgcc.fixed
                0x00000000        0x0 c:/program files (x86)/atmel/studio/7.0/toolchain/avr8/avr8-gnu-toolchain/bin/../lib/gcc/avr/5.4.0/avrxmega4\libgcc.a(_exit.o)
 .text          0x00000000        0x0 c:/program files (x86)/atmel/studio/7.0/toolchain/avr8/avr8-gnu-toolchain/bin/../lib/gcc/avr/5.4.0/avrxmega4\libgcc.a(_copy_data.o)
 .data          0x00000000        0x0 c:/program files (x86)/atmel/studio/7.0/toolchain/avr8/avr8-gnu-toolchain/bin/../lib/gcc/avr/5.4.0/avrxmega4\libgcc.a(_copy_data.o)
 .bss           0x00000000        0x0 c:/program files (x86)/atmel/studio/7.0/toolchain/avr8/avr8-gnu-toolchain/bin/../lib/gcc/avr/5.4.0/avrxmega4\libgcc.a(_copy_data.o)
 .text.libgcc.mul
                0x00000000        0x0 c:/program files (x86)/atmel/studio/7.0/toolchain/avr8/avr8-gnu-toolchain/bin/../lib/gcc/avr/5.4.0/avrxmega4\libgcc.a(_copy_data.o)
 .text.libgcc.div
                0x00000000        0x0 c:/program files (x86)/atmel/studio/7.0/toolchain/avr8/avr8-gnu-toolchain/bin/../lib/gcc/avr/5.4.0/avrxmega4\libgcc.a(_copy_data.o)
 .text.libgcc   0x00000000        0x0 c:/program files (x86)/atmel/studio/7.0/toolchain/avr8/avr8-gnu-toolchain/bin/../lib/gcc/avr/5.4.0/avrxmega4\libgcc.a(_copy_data.o)
 .text.libgcc.prologue
                0x00000000        0x0 c:/program files (x86)/atmel/studio/7.0/toolchain/avr8/avr8-gnu-toolchain/bin/../lib/gcc/avr/5.4.0/avrxmega4\libgcc.a(_copy_data.o)
 .text.libgcc.builtins
                0x00000000        0x0 c:/program files (x86)/atmel/studio/7.0/toolchain/avr8/avr8-gnu-toolchain/bin/../lib/gcc/avr/5.4.0/avrxmega4\libgcc.a(_copy_data.o)
 .text.libgcc.fmul
                0x00000000        0x0 c:/program files (x86)/atmel/studio/7.0/toolchain/avr8/avr8-gnu-toolchain/bin/../lib/gcc/avr/5.4.0/avrxmega4\libgcc.a(_copy_data.o)
 .text.libgcc.fixed
                0x00000000        0x0 c:/program files (x86)/atmel/studio/7.0/toolchain/avr8/avr8-gnu-toolchain/bin/../lib/gcc/avr/5.4.0/avrxmega4\libgcc.a(_copy_data.o)
 .text          0x00000000        0x0 c:/program files (x86)/atmel/studio/7.0/toolchain/avr8/avr8-gnu-toolchain/bin/../lib/gcc/avr/5.4.0/avrxmega4\libgcc.a(_clear_bss.o)
 .data          0x00000000        0x0 c:/program files (x86)/atmel/studio/7.0/toolchain/avr8/avr8-gnu-toolchain/bin/../lib/gcc/avr/5.4.0/avrxmega4\libgcc.a(_clear_bss.o)
 .bss           0x00000000        0x0 c:/program files (x86)/atmel/studio/7.0/toolchain/avr8/avr8-gnu-toolchain/bin/../lib/gcc/avr/5.4.0/avrxmega4\libgcc.a(_clear_bss.o)
 .text.libgcc.mul
                0x00000000        0x0 c:/program files (x86)/atmel/studio/7.0/toolchain/avr8/avr8-gnu-toolchain/bin/../lib/gcc/avr/5.4.0/avrxmega4\libgcc.a(_clear_bss.o)
 .text.libgcc.div
                0x00000000        0x0 c:/program files (x86)/atmel/studio/7.0/toolchain/avr8/avr8-gnu-toolchain/bin/../lib/gcc/avr/5.4.0/avrxmega4\libgcc.a(_clear_bss.o)
 .text.libgcc   0x00000000        0x0 c:/program files (x86)/atmel/studio/7.0/toolchain/avr8/avr8-gnu-toolchain/bin/../lib/gcc/avr/5.4.0/avrxmega4\libgcc.a(_clear_bss.o)
 .text.libgcc.prologue
                0x00000000        0x0 c:/program files (x86)/atmel/studio/7.0/toolchain/avr8/avr8-gnu-toolchain/bin/../lib/gcc/avr/5.4.0/avrxmega4\libgcc.a(_clear_bss.o)
 .text.libgcc.builtins
                0x00000000        0x0 c:/program files (x86)/atmel/studio/7.0/toolchain/avr8/avr8-gnu-toolchain/bin/../lib/gcc/avr/5.4.0/avrxmega4\libgcc.a(_clear_bss.o)
 .text.libgcc.fmul
                0x00000000        0x0 c:/program files (x86)/atmel/studio/7.0/toolchain/avr8/avr8-gnu-toolchain/bin/../lib/gcc/avr/5.4.0/avrxmega4\libgcc.a(_clear_bss.o)
 .text.libgcc.fixed
                0x00000000        0x0 c:/program files (x86)/atmel/studio/7.0/toolchain/avr8/avr8-gnu-toolchain/bin/../lib/gcc/avr/5.4.0/avrxmega4\libgcc.a(_clear_bss.o)
 .text          0x00000000        0x0 C:/Program Files (x86)/Atmel/Studio/7.0/Packs/Atmel/XMEGAA_DFP/1.2.141/gcc/dev/atxmega64a4u/avrxmega4\libatxmega64a4u.a(eeupd_block.o)
 .data          0x00000000        0x0 C:/Program Files (x86)/Atmel/Studio/7.0/Packs/Atmel/XMEGAA_DFP/1.2.141/gcc/dev/atxmega64a4u/avrxmega4\libatxmega64a4u.a(eeupd_block.o)
 .bss           0x00000000        0x0 C:/Program Files (x86)/Atmel/Studio/7.0/Packs/Atmel/XMEGAA_DFP/1.2.141/gcc/dev/atxmega64a4u/avrxmega4\libatxmega64a4u.a(eeupd_block.o)
 .text          0x00000000        0x0 C:/Program Files (x86)/Atmel/Studio/7.0/Packs/Atmel/XMEGAA_DFP/1.2.141/gcc/dev/atxmega64a4u/avrxmega4\libatxmega64a4u.a(eeupd_byte.o)
 .data          0x00000000        0x0 C:/Program Files (x86)/Atmel/Studio/7.0/Packs/Atmel/XMEGAA_DFP/1.2.141/gcc/dev/atxmega64a4u/avrxmega4\libatxmega64a4u.a(eeupd_byte.o)
 .bss           0x00000000        0x0 C:/Program Files (x86)/Atmel/Studio/7.0/Packs/Atmel/XMEGAA_DFP/1.2.141/gcc/dev/atxmega64a4u/avrxmega4\libatxmega64a4u.a(eeupd_byte.o)
 .text          0x00000000        0x0 C:/Program Files (x86)/Atmel/Studio/7.0/Packs/Atmel/XMEGAA_DFP/1.2.141/gcc/dev/atxmega64a4u/avrxmega4\libatxmega64a4u.a(eeupd_word.o)
 .data          0x00000000        0x0 C:/Program Files (x86)/Atmel/Studio/7.0/Packs/Atmel/XMEGAA_DFP/1.2.141/gcc/dev/atxmega64a4u/avrxmega4\libatxmega64a4u.a(eeupd_word.o)
 .bss           0x00000000        0x0 C:/Program Files (x86)/Atmel/Studio/7.0/Packs/Atmel/XMEGAA_DFP/1.2.141/gcc/dev/atxmega64a4u/avrxmega4\libatxmega64a4u.a(eeupd_word.o)
 .text          0x00000000        0x0 C:/Program Files (x86)/Atmel/Studio/7.0/Packs/Atmel/XMEGAA_DFP/1.2.141/gcc/dev/atxmega64a4u/avrxmega4\libatxmega64a4u.a(eewr_byte.o)
 .data          0x00000000        0x0 C:/Program Files (x86)/Atmel/Studio/7.0/Packs/Atmel/XMEGAA_DFP/1.2.141/gcc/dev/atxmega64a4u/avrxmega4\libatxmega64a4u.a(eewr_byte.o)
 .bss           0x00000000        0x0 C:/Program Files (x86)/Atmel/Studio/7.0/Packs/Atmel/XMEGAA_DFP/1.2.141/gcc/dev/atxmega64a4u/avrxmega4\libatxmega64a4u.a(eewr_byte.o)
 .text          0x00000000        0x0 C:/Program Files (x86)/Atmel/Studio/7.0/Packs/Atmel/XMEGAA_DFP/1.2.141/gcc/dev/atxmega64a4u/avrxmega4\libatxmega64a4u.a(eerd_byte.o)
 .data          0x00000000        0x0 C:/Program Files (x86)/Atmel/Studio/7.0/Packs/Atmel/XMEGAA_DFP/1.2.141/gcc/dev/atxmega64a4u/avrxmega4\libatxmega64a4u.a(eerd_byte.o)
 .bss           0x00000000        0x0 C:/Program Files (x86)/Atmel/Studio/7.0/Packs/Atmel/XMEGAA_DFP/1.2.141/gcc/dev/atxmega64a4u/avrxmega4\libatxmega64a4u.a(eerd_byte.o)

Memory Configuration

Name             Origin             Length             Attributes
text             0x00000000         0x00011000         xr
data             0x00802000         0x00001000         rw !x
eeprom           0x00810000         0x00000800         rw !x
fuse             0x00820000         0x00000006         rw !x
lock             0x00830000         0x00000400         rw !x
signature        0x00840000         0x00000400         rw !x
user_signatures  0x00850000         0x00000400         rw !x
*default*        0x00000000         0xffffffff

Linker script and memory map

LOAD C:/Program Files (x86)/Atmel/Studio/7.0/Packs/Atmel/XMEGAA_DFP/1.2.141/gcc/dev/atxmega64a4u/avrxmega4/crtatxmega64a4u.o
LOAD bootloader-crt0.o
LOAD bootloader-fw.o
LOAD common.o
LOAD mtester.o
START GROUP
LOAD c:/program files (x86)/atmel/studio/7.0/toolchain/avr8/avr8-gnu-toolchain/bin/../lib/gcc/avr/5.4.0/../../../../avr/lib/avrxmega4\libm.a
END GROUP
Address of section .appcrc set to 0xcffe
Address of section .bldrapp set to 0xd000
Address of section .bldrinit set to 0x10000
Address of section .bldrvec set to 0x10200
Address of section .bootloader set to 0x10242
Address of section .bldrcrc set to 0x10dfe
Address of section .bldrstatic set to 0x10c00
Address of section .bldrstatvec set to 0x10ff0
START GROUP
LOAD c:/program files (x86)/atmel/studio/7.0/toolchain/avr8/avr8-gnu-toolchain/bin/../lib/gcc/avr/5.4.0/avrxmega4\libgcc.a
LOAD c:/program files (x86)/atmel/studio/7.0/toolchain/avr8/avr8-gnu-toolchain/bin/../lib/gcc/avr/5.4.0/../../../../avr/lib/avrxmega4\libm.a
LOAD c:/program files (x86)/atmel/studio/7.0/toolchain/avr8/avr8-gnu-toolchain/bin/../lib/gcc/avr/5.4.0/../../../../avr/lib/avrxmega4\libc.a
LOAD C:/Program Files (x86)/Atmel/Studio/7.0/Packs/Atmel/XMEGAA_DFP/1.2.141/gcc/dev/atxmega64a4u/avrxmega4\libatxmega64a4u.a
END GROUP
                [0x00000000]                __TEXT_REGION_ORIGIN__ = DEFINED (__TEXT_REGION_ORIGIN__)?__TEXT_REGION_ORIGIN__:0x0
                [0x00802000]                __DATA_REGION_ORIGIN__ = DEFINED (__DATA_REGION_ORIGIN__)?__DATA_REGION_ORIGIN__:0x802000
                [0x00011000]                __TEXT_REGION_LENGTH__ = DEFINED (__TEXT_REGION_LENGTH__)?__TEXT_REGION_LENGTH__:0x100000
                [0x00001000]                __DATA_REGION_LENGTH__ = DEFINED (__DATA_REGION_LENGTH__)?__DATA_REGION_LENGTH__:0xffa0
                [0x00000800]                __EEPROM_REGION_LENGTH__ = DEFINED (__EEPROM_REGION_LENGTH__)?__EEPROM_REGION_LENGTH__:0x10000
                [0x00000006]                __FUSE_REGION_LENGTH__ = DEFINED (__FUSE_REGION_LENGTH__)?__FUSE_REGION_LENGTH__:0x400
                0x00000400                __LOCK_REGION_LENGTH__ = DEFINED (__LOCK_REGION_LENGTH__)?__LOCK_REGION_LENGTH__:0x400
                0x00000400                __SIGNATURE_REGION_LENGTH__ = DEFINED (__SIGNATURE_REGION_LENGTH__)?__SIGNATURE_REGION_LENGTH__:0x400
                0x00000400                __USER_SIGNATURE_REGION_LENGTH__ = DEFINED (__USER_SIGNATURE_REGION_LENGTH__)?__USER_SIGNATURE_REGION_LENGTH__:0x400

.hash
 *(.hash)

.dynsym
 *(.dynsym)

.dynstr
 *(.dynstr)

.gnu.version
 *(.gnu.version)

.gnu.version_d
 *(.gnu.version_d)

.gnu.version_r
 *(.gnu.version_r)

.rel.init
 *(.rel.init)

.rela.init
 *(.rela.init)

.rel.text
 *(.rel.text)
 *(.rel.text.*)
 *(.rel.gnu.linkonce.t*)

.rela.text
 *(.rela.text)
 *(.rela.text.*)
 *(.rela.gnu.linkonce.t*)

.rel.fini
 *(.rel.fini)

.rela.fini
 *(.rela.fini)

.rel.rodata
 *(.rel.rodata)
 *(.rel.rodata.*)
 *(.rel.gnu.linkonce.r*)

.rela.rodata
 *(.rela.rodata)
 *(.rela.rodata.*)
 *(.rela.gnu.linkonce.r*)

.rel.data
 *(.rel.data)
 *(.rel.data.*)
 *(.rel.gnu.linkonce.d*)

.rela.data
 *(.rela.data)
 *(.rela.data.*)
 *(.rela.gnu.linkonce.d*)

.rel.ctors
 *(.rel.ctors)

.rela.ctors
 *(.rela.ctors)

.rel.dtors
 *(.rel.dtors)

.rela.dtors
 *(.rela.dtors)

.rel.got
 *(.rel.got)

.rela.got
 *(.rela.got)

.rel.bss
 *(.rel.bss)

.rela.bss
 *(.rela.bss)

.rel.plt
 *(.rel.plt)

.rela.plt
 *(.rela.plt)

.text           0x00000000     0x138e
 *(.vectors)
 .vectors       0x00000000      0x1fc C:/Program Files (x86)/Atmel/Studio/7.0/Packs/Atmel/XMEGAA_DFP/1.2.141/gcc/dev/atxmega64a4u/avrxmega4/crtatxmega64a4u.o
                0x00000000                __vector_default
                0x00000000                __vectors
 *(.vectors)
 *(.progmem.gcc*)
                0x000001fc                . = ALIGN (0x2)
                0x000001fc                __trampolines_start = .
 *(.trampolines)
 .trampolines   0x000001fc        0x0 linker stubs
 *(.trampolines*)
                0x000001fc                __trampolines_end = .
 *libprintf_flt.a:*(.progmem.data)
 *libc.a:*(.progmem.data)
 *(.progmem*)
 .progmem.data.__c.4455
                0x000001fc        0xc mtester.o
                0x00000208                . = ALIGN (0x2)
 *(.jumptables)
 *(.jumptables*)
 *(.lowtext)
 *(.lowtext*)
                0x00000208                __ctors_start = .
 *(.ctors)
                0x00000208                __ctors_end = .
                0x00000208                __dtors_start = .
 *(.dtors)
                0x00000208                __dtors_end = .
 SORT(*)(.ctors)
 SORT(*)(.dtors)
 *(.init0)
 .init0         0x00000208        0x0 C:/Program Files (x86)/Atmel/Studio/7.0/Packs/Atmel/XMEGAA_DFP/1.2.141/gcc/dev/atxmega64a4u/avrxmega4/crtatxmega64a4u.o
                0x00000208                __init
 *(.init0)
 *(.init1)
 *(.init1)
 *(.init2)
 .init2         0x00000208        0xc C:/Program Files (x86)/Atmel/Studio/7.0/Packs/Atmel/XMEGAA_DFP/1.2.141/gcc/dev/atxmega64a4u/avrxmega4/crtatxmega64a4u.o
 .init2         0x00000214        0x8 common.o
                0x00000214                com_init2
 *(.init2)
 *(.init3)
 *(.init3)
 *(.init4)
 .init4         0x0000021c       0x1a c:/program files (x86)/atmel/studio/7.0/toolchain/avr8/avr8-gnu-toolchain/bin/../lib/gcc/avr/5.4.0/avrxmega4\libgcc.a(_copy_data.o)
                0x0000021c                __do_copy_data
 .init4         0x00000236       0x10 c:/program files (x86)/atmel/studio/7.0/toolchain/avr8/avr8-gnu-toolchain/bin/../lib/gcc/avr/5.4.0/avrxmega4\libgcc.a(_clear_bss.o)
                0x00000236                __do_clear_bss
 *(.init4)
 *(.init5)
 *(.init5)
 *(.init6)
 *(.init6)
 *(.init7)
 *(.init7)
 *(.init8)
 *(.init8)
 *(.init9)
 .init9         0x00000246        0x8 C:/Program Files (x86)/Atmel/Studio/7.0/Packs/Atmel/XMEGAA_DFP/1.2.141/gcc/dev/atxmega64a4u/avrxmega4/crtatxmega64a4u.o
 *(.init9)
 *(.text)
 .text          0x0000024e        0x4 C:/Program Files (x86)/Atmel/Studio/7.0/Packs/Atmel/XMEGAA_DFP/1.2.141/gcc/dev/atxmega64a4u/avrxmega4/crtatxmega64a4u.o
                0x0000024e                __vector_38
                0x0000024e                __vector_104
                0x0000024e                __vector_22
                0x0000024e                __vector_63
                0x0000024e                __vector_28
                0x0000024e                __vector_67
                0x0000024e                __vector_1
                0x0000024e                __vector_119
                0x0000024e                __vector_32
                0x0000024e                __vector_75
                0x0000024e                __vector_71
                0x0000024e                __vector_91
                0x0000024e                __vector_34
                0x0000024e                __vector_62
                0x0000024e                __vector_77
                0x0000024e                __vector_102
                0x0000024e                __vector_24
                0x0000024e                __vector_12
                0x0000024e                __vector_55
                0x0000024e                __vector_69
                0x0000024e                __vector_81
                0x0000024e                __vector_90
                0x0000024e                __vector_46
                0x0000024e                __bad_interrupt
                0x0000024e                __vector_122
                0x0000024e                __vector_72
                0x0000024e                __vector_114
                0x0000024e                __vector_6
                0x0000024e                __vector_110
                0x0000024e                __vector_31
                0x0000024e                __vector_92
                0x0000024e                __vector_35
                0x0000024e                __vector_78
                0x0000024e                __vector_74
                0x0000024e                __vector_117
                0x0000024e                __vector_39
                0x0000024e                __vector_107
                0x0000024e                __vector_3
                0x0000024e                __vector_105
                0x0000024e                __vector_98
                0x0000024e                __vector_23
                0x0000024e                __vector_68
                0x0000024e                __vector_30
                0x0000024e                __vector_73
                0x0000024e                __vector_45
                0x0000024e                __vector_25
                0x0000024e                __vector_93
                0x0000024e                __vector_61
                0x0000024e                __vector_11
                0x0000024e                __vector_54
                0x0000024e                __vector_99
                0x0000024e                __vector_13
                0x0000024e                __vector_17
                0x0000024e                __vector_19
                0x0000024e                __vector_56
                0x0000024e                __vector_7
                0x0000024e                __vector_125
                0x0000024e                __vector_123
                0x0000024e                __vector_41
                0x0000024e                __vector_100
                0x0000024e                __vector_101
                0x0000024e                __vector_64
                0x0000024e                __vector_88
                0x0000024e                __vector_109
                0x0000024e                __vector_43
                0x0000024e                __vector_27
                0x0000024e                __vector_5
                0x0000024e                __vector_113
                0x0000024e                __vector_33
                0x0000024e                __vector_76
                0x0000024e                __vector_115
                0x0000024e                __vector_52
                0x0000024e                __vector_37
                0x0000024e                __vector_95
                0x0000024e                __vector_103
                0x0000024e                __vector_96
                0x0000024e                __vector_89
                0x0000024e                __vector_108
                0x0000024e                __vector_4
                0x0000024e                __vector_44
                0x0000024e                __vector_82
                0x0000024e                __vector_106
                0x0000024e                __vector_118
                0x0000024e                __vector_51
                0x0000024e                __vector_9
                0x0000024e                __vector_2
                0x0000024e                __vector_21
                0x0000024e                __vector_15
                0x0000024e                __vector_66
                0x0000024e                __vector_36
                0x0000024e                __vector_79
                0x0000024e                __vector_70
                0x0000024e                __vector_83
                0x0000024e                __vector_29
                0x0000024e                __vector_121
                0x0000024e                __vector_40
                0x0000024e                __vector_85
                0x0000024e                __vector_94
                0x0000024e                __vector_126
                0x0000024e                __vector_8
                0x0000024e                __vector_26
                0x0000024e                __vector_48
                0x0000024e                __vector_124
                0x0000024e                __vector_116
                0x0000024e                __vector_112
                0x0000024e                __vector_111
                0x0000024e                __vector_80
                0x0000024e                __vector_14
                0x0000024e                __vector_84
                0x0000024e                __vector_57
                0x0000024e                __vector_53
                0x0000024e                __vector_10
                0x0000024e                __vector_50
                0x0000024e                __vector_16
                0x0000024e                __vector_59
                0x0000024e                __vector_18
                0x0000024e                __vector_97
                0x0000024e                __vector_42
                0x0000024e                __vector_87
                0x0000024e                __vector_65
                0x0000024e                __vector_120
                0x00000252                . = ALIGN (0x2)
 *(.text.*)
 .text.sboxnet_debug_inc_recverrors
                0x00000252       0x10 bootloader-fw.o
 .text.sboxnet_debug_inc_recverr_dor
                0x00000262       0x10 bootloader-fw.o
 .text.sboxnet_debug_inc_recv_byte
                0x00000272       0x10 bootloader-fw.o
 .text.sboxnet_prandom
                0x00000282       0x1e bootloader-fw.o
 .text.sboxnet_rb_write
                0x000002a0       0x3e bootloader-fw.o
 .text.sboxnet_rb_read_commit
                0x000002de       0x2a bootloader-fw.o
 .text.sboxnet_rb_read
                0x00000308       0x36 bootloader-fw.o
 .text.sboxnet_all_sent
                0x0000033e        0xc bootloader-fw.o
 .text.sboxnet_receiver_enable
                0x0000034a       0x16 bootloader-fw.o
 .text.sboxnet_init
                0x00000360       0xa6 bootloader-fw.o
 .text.sboxnet_set_timer
                0x00000406       0x26 bootloader-fw.o
                0x00000406                sboxnet_set_timer
 .text.sboxnet_set_backoff_with_offset
                0x0000042c       0x14 bootloader-fw.o
                0x0000042c                sboxnet_set_backoff_with_offset
 .text.sboxnet_intr_usart_rx
                0x00000440      0x1ac bootloader-fw.o
                0x00000440                sboxnet_intr_usart_rx
 .text.sboxnet_check_try_transmit
                0x000005ec       0x60 bootloader-fw.o
                0x000005ec                sboxnet_check_try_transmit
 .text.sboxnet_intr_usart_tx
                0x0000064c      0x182 bootloader-fw.o
                0x0000064c                sboxnet_intr_usart_tx
 .text.__vector_58
                0x000007ce       0x50 bootloader-fw.o
                0x000007ce                __vector_58
 .text.__vector_60
                0x0000081e       0x50 bootloader-fw.o
                0x0000081e                __vector_60
 .text.sboxnet_timer_bit
                0x0000086e      0x146 bootloader-fw.o
                0x0000086e                sboxnet_timer_bit
 .text.sboxnet_receive_msg
                0x000009b4      0x12c bootloader-fw.o
 .text.sboxnet_send_msg
                0x00000ae0      0x156 bootloader-fw.o
                0x00000ae0                sboxnet_send_msg
 .text.sboxnet_can_send_msg
                0x00000c36       0x28 bootloader-fw.o
                0x00000c36                sboxnet_can_send_msg
 .text.com_process_cmd_reset
                0x00000c5e       0x1a common.o
 .text.com_reg_read
                0x00000c78       0xd8 common.o
 .text.__vector_86
                0x00000d50       0x94 common.o
                0x00000d50                __vector_86
 .text.main     0x00000de4      0x37c common.o
                0x00000de4                main
 .text.__vector_20
                0x00001160       0x30 mtester.o
                0x00001160                __vector_20
 .text.do_init_system
                0x00001190       0xbe mtester.o
                0x00001190                do_init_system
 .text.do_reg_read
                0x0000124e        0x4 mtester.o
                0x0000124e                do_reg_read
 .text.do_reg_write
                0x00001252        0x4 mtester.o
                0x00001252                do_reg_write
 .text.do_msg   0x00001256        0x4 mtester.o
                0x00001256                do_msg
 .text.do_setup
                0x0000125a        0x4 mtester.o
                0x0000125a                do_setup
 .text.exec_step0
                0x0000125e       0x20 mtester.o
                0x0000125e                exec_step0
 .text.exec_step1
                0x0000127e       0x20 mtester.o
                0x0000127e                exec_step1
 .text.exec_step2
                0x0000129e       0x20 mtester.o
                0x0000129e                exec_step2
 .text.do_main  0x000012be       0x24 mtester.o
                0x000012be                do_main
 .text.avr-libc
                0x000012e2       0x20 C:/Program Files (x86)/Atmel/Studio/7.0/Packs/Atmel/XMEGAA_DFP/1.2.141/gcc/dev/atxmega64a4u/avrxmega4\libatxmega64a4u.a(eeupd_block.o)
                0x000012e2                eeprom_update_block
 .text.avr-libc
                0x00001302       0x16 C:/Program Files (x86)/Atmel/Studio/7.0/Packs/Atmel/XMEGAA_DFP/1.2.141/gcc/dev/atxmega64a4u/avrxmega4\libatxmega64a4u.a(eeupd_byte.o)
                0x00001302                eeprom_update_byte
                0x00001304                eeprom_update_r18
 .text.avr-libc
                0x00001318        0xc C:/Program Files (x86)/Atmel/Studio/7.0/Packs/Atmel/XMEGAA_DFP/1.2.141/gcc/dev/atxmega64a4u/avrxmega4\libatxmega64a4u.a(eeupd_word.o)
                0x00001318                eeprom_update_word
 .text.avr-libc
                0x00001324       0x46 C:/Program Files (x86)/Atmel/Studio/7.0/Packs/Atmel/XMEGAA_DFP/1.2.141/gcc/dev/atxmega64a4u/avrxmega4\libatxmega64a4u.a(eewr_byte.o)
                0x00001324                eeprom_write_byte
                0x00001326                eeprom_write_r18
 .text.avr-libc
                0x0000136a       0x20 C:/Program Files (x86)/Atmel/Studio/7.0/Packs/Atmel/XMEGAA_DFP/1.2.141/gcc/dev/atxmega64a4u/avrxmega4\libatxmega64a4u.a(eerd_byte.o)
                0x0000136a                eeprom_read_byte
                0x00001372                eeprom_mapen
                0x0000138a                . = ALIGN (0x2)
 *(.fini9)
 .fini9         0x0000138a        0x0 c:/program files (x86)/atmel/studio/7.0/toolchain/avr8/avr8-gnu-toolchain/bin/../lib/gcc/avr/5.4.0/avrxmega4\libgcc.a(_exit.o)
                0x0000138a                _exit
                0x0000138a                exit
 *(.fini9)
 *(.fini8)
 *(.fini8)
 *(.fini7)
 *(.fini7)
 *(.fini6)
 *(.fini6)
 *(.fini5)
 *(.fini5)
 *(.fini4)
 *(.fini4)
 *(.fini3)
 *(.fini3)
 *(.fini2)
 *(.fini2)
 *(.fini1)
 *(.fini1)
 *(.fini0)
 .fini0         0x0000138a        0x4 c:/program files (x86)/atmel/studio/7.0/toolchain/avr8/avr8-gnu-toolchain/bin/../lib/gcc/avr/5.4.0/avrxmega4\libgcc.a(_exit.o)
 *(.fini0)
                0x0000138e                _etext = .

.data           0x00802000        0x2 load address 0x0000138e
                0x00802000                PROVIDE (__data_start, .)
 *(.data)
 *(.data*)
 .data.step     0x00802000        0x1 mtester.o
                0x00802000                step
 *(.gnu.linkonce.d*)
 *(.rodata)
 *(.rodata*)
 *(.gnu.linkonce.r*)
                0x00802002                . = ALIGN (0x2)
 *fill*         0x00802001        0x1 
                0x00802002                _edata = .
                0x00802002                PROVIDE (__data_end, .)

.bss            0x00802002      0x187
                0x00802002                PROVIDE (__bss_start, .)
 *(.bss)
 *(.bss*)
 .bss.g_dev_errflags2
                0x00802002        0x1 bootloader-fw.o
                0x00802002                g_dev_errflags2
 .bss.g_dev_errflags
                0x00802003        0x1 bootloader-fw.o
                0x00802003                g_dev_errflags
 .bss.g_dev_state
                0x00802004        0x1 bootloader-fw.o
                0x00802004                g_dev_state
 .bss.g_com     0x00802005       0x11 common.o
                0x00802005                g_com
 *(COMMON)
 COMMON         0x00802016      0x173 bootloader-fw.o
                0x00802016                g_v
                0x00802189                PROVIDE (__bss_end, .)
                0x0000138e                __data_load_start = LOADADDR (.data)
                0x00001390                __data_load_end = (__data_load_start + SIZEOF (.data))

.noinit         0x00802189        0x0
                [!provide]                PROVIDE (__noinit_start, .)
 *(.noinit*)
                [!provide]                PROVIDE (__noinit_end, .)
                0x00802189                _end = .
                [!provide]                PROVIDE (__heap_start, .)

.eeprom         0x00810000        0x0
 *(.eeprom*)
                0x00810000                __eeprom_end = .

.fuse
 *(.fuse)
 *(.lfuse)
 *(.hfuse)
 *(.efuse)

.lock
 *(.lock*)

.signature
 *(.signature*)

.user_signatures
 *(.user_signatures*)

.stab
 *(.stab)

.stabstr
 *(.stabstr)

.stab.excl
 *(.stab.excl)

.stab.exclstr
 *(.stab.exclstr)

.stab.index
 *(.stab.index)

.stab.indexstr
 *(.stab.indexstr)

.comment        0x00000000       0x30
 *(.comment)
 .comment       0x00000000       0x30 bootloader-crt0.o
                                 0x31 (size before relaxing)
 .comment       0x00000030       0x31 bootloader-fw.o
 .comment       0x00000030       0x31 common.o
 .comment       0x00000030       0x31 mtester.o

.note.gnu.avr.deviceinfo
                0x00000000       0x40
 .note.gnu.avr.deviceinfo
                0x00000000       0x40 C:/Program Files (x86)/Atmel/Studio/7.0/Packs/Atmel/XMEGAA_DFP/1.2.141/gcc/dev/atxmega64a4u/avrxmega4/crtatxmega64a4u.o

.note.gnu.build-id
 *(.note.gnu.build-id)

.debug
 *(.debug)

.line
 *(.line)

.debug_srcinfo
 *(.debug_srcinfo)

.debug_sfnames
 *(.debug_sfnames)

.debug_aranges  0x00000000      0x340
 *(.debug_aranges)
 .debug_aranges
                0x00000000       0x20 bootloader-crt0.o
 .debug_aranges
                0x00000020      0x170 bootloader-fw.o
 .debug_aranges
                0x00000190       0x98 common.o
 .debug_aranges
                0x00000228       0x78 mtester.o
 .debug_aranges
                0x000002a0       0x20 C:/Program Files (x86)/Atmel/Studio/7.0/Packs/Atmel/XMEGAA_DFP/1.2.141/gcc/dev/atxmega64a4u/avrxmega4\libatxmega64a4u.a(eeupd_block.o)
 .debug_aranges
                0x000002c0       0x20 C:/Program Files (x86)/Atmel/Studio/7.0/Packs/Atmel/XMEGAA_DFP/1.2.141/gcc/dev/atxmega64a4u/avrxmega4\libatxmega64a4u.a(eeupd_byte.o)
 .debug_aranges
                0x000002e0       0x20 C:/Program Files (x86)/Atmel/Studio/7.0/Packs/Atmel/XMEGAA_DFP/1.2.141/gcc/dev/atxmega64a4u/avrxmega4\libatxmega64a4u.a(eeupd_word.o)
 .debug_aranges
                0x00000300       0x20 C:/Program Files (x86)/Atmel/Studio/7.0/Packs/Atmel/XMEGAA_DFP/1.2.141/gcc/dev/atxmega64a4u/avrxmega4\libatxmega64a4u.a(eewr_byte.o)
 .debug_aranges
                0x00000320       0x20 C:/Program Files (x86)/Atmel/Studio/7.0/Packs/Atmel/XMEGAA_DFP/1.2.141/gcc/dev/atxmega64a4u/avrxmega4\libatxmega64a4u.a(eerd_byte.o)

.debug_pubnames
 *(.debug_pubnames)

.debug_info     0x00000000     0x9442
 *(.debug_info .gnu.linkonce.wi.*)
 .debug_info    0x00000000     0x284f C:/Program Files (x86)/Atmel/Studio/7.0/Packs/Atmel/XMEGAA_DFP/1.2.141/gcc/dev/atxmega64a4u/avrxmega4/crtatxmega64a4u.o
 .debug_info    0x0000284f       0xb7 bootloader-crt0.o
 .debug_info    0x00002906     0x42d4 bootloader-fw.o
 .debug_info    0x00006bda     0x1ae5 common.o
 .debug_info    0x000086bf      0xa5a mtester.o
 .debug_info    0x00009119       0xa3 C:/Program Files (x86)/Atmel/Studio/7.0/Packs/Atmel/XMEGAA_DFP/1.2.141/gcc/dev/atxmega64a4u/avrxmega4\libatxmega64a4u.a(eeupd_block.o)
 .debug_info    0x000091bc       0xa2 C:/Program Files (x86)/Atmel/Studio/7.0/Packs/Atmel/XMEGAA_DFP/1.2.141/gcc/dev/atxmega64a4u/avrxmega4\libatxmega64a4u.a(eeupd_byte.o)
 .debug_info    0x0000925e       0xa2 C:/Program Files (x86)/Atmel/Studio/7.0/Packs/Atmel/XMEGAA_DFP/1.2.141/gcc/dev/atxmega64a4u/avrxmega4\libatxmega64a4u.a(eeupd_word.o)
 .debug_info    0x00009300       0xa1 C:/Program Files (x86)/Atmel/Studio/7.0/Packs/Atmel/XMEGAA_DFP/1.2.141/gcc/dev/atxmega64a4u/avrxmega4\libatxmega64a4u.a(eewr_byte.o)
 .debug_info    0x000093a1       0xa1 C:/Program Files (x86)/Atmel/Studio/7.0/Packs/Atmel/XMEGAA_DFP/1.2.141/gcc/dev/atxmega64a4u/avrxmega4\libatxmega64a4u.a(eerd_byte.o)

.debug_abbrev   0x00000000     0x33ee
 *(.debug_abbrev)
 .debug_abbrev  0x00000000     0x262c C:/Program Files (x86)/Atmel/Studio/7.0/Packs/Atmel/XMEGAA_DFP/1.2.141/gcc/dev/atxmega64a4u/avrxmega4/crtatxmega64a4u.o
 .debug_abbrev  0x0000262c       0x6c bootloader-crt0.o
 .debug_abbrev  0x00002698      0x59f bootloader-fw.o
 .debug_abbrev  0x00002c37      0x513 common.o
 .debug_abbrev  0x0000314a      0x240 mtester.o
 .debug_abbrev  0x0000338a       0x14 C:/Program Files (x86)/Atmel/Studio/7.0/Packs/Atmel/XMEGAA_DFP/1.2.141/gcc/dev/atxmega64a4u/avrxmega4\libatxmega64a4u.a(eeupd_block.o)
 .debug_abbrev  0x0000339e       0x14 C:/Program Files (x86)/Atmel/Studio/7.0/Packs/Atmel/XMEGAA_DFP/1.2.141/gcc/dev/atxmega64a4u/avrxmega4\libatxmega64a4u.a(eeupd_byte.o)
 .debug_abbrev  0x000033b2       0x14 C:/Program Files (x86)/Atmel/Studio/7.0/Packs/Atmel/XMEGAA_DFP/1.2.141/gcc/dev/atxmega64a4u/avrxmega4\libatxmega64a4u.a(eeupd_word.o)
 .debug_abbrev  0x000033c6       0x14 C:/Program Files (x86)/Atmel/Studio/7.0/Packs/Atmel/XMEGAA_DFP/1.2.141/gcc/dev/atxmega64a4u/avrxmega4\libatxmega64a4u.a(eewr_byte.o)
 .debug_abbrev  0x000033da       0x14 C:/Program Files (x86)/Atmel/Studio/7.0/Packs/Atmel/XMEGAA_DFP/1.2.141/gcc/dev/atxmega64a4u/avrxmega4\libatxmega64a4u.a(eerd_byte.o)

.debug_line     0x00000000     0x3c9d
 *(.debug_line .debug_line.* .debug_line_end)
 .debug_line    0x00000000      0x391 C:/Program Files (x86)/Atmel/Studio/7.0/Packs/Atmel/XMEGAA_DFP/1.2.141/gcc/dev/atxmega64a4u/avrxmega4/crtatxmega64a4u.o
 .debug_line    0x00000391      0x3d6 bootloader-crt0.o
 .debug_line    0x00000767     0x229a bootloader-fw.o
 .debug_line    0x00002a01      0x96b common.o
 .debug_line    0x0000336c      0x5e6 mtester.o
 .debug_line    0x00003952       0xa5 C:/Program Files (x86)/Atmel/Studio/7.0/Packs/Atmel/XMEGAA_DFP/1.2.141/gcc/dev/atxmega64a4u/avrxmega4\libatxmega64a4u.a(eeupd_block.o)
 .debug_line    0x000039f7       0x80 C:/Program Files (x86)/Atmel/Studio/7.0/Packs/Atmel/XMEGAA_DFP/1.2.141/gcc/dev/atxmega64a4u/avrxmega4\libatxmega64a4u.a(eeupd_byte.o)
 .debug_line    0x00003a77       0x62 C:/Program Files (x86)/Atmel/Studio/7.0/Packs/Atmel/XMEGAA_DFP/1.2.141/gcc/dev/atxmega64a4u/avrxmega4\libatxmega64a4u.a(eeupd_word.o)
 .debug_line    0x00003ad9      0x11b C:/Program Files (x86)/Atmel/Studio/7.0/Packs/Atmel/XMEGAA_DFP/1.2.141/gcc/dev/atxmega64a4u/avrxmega4\libatxmega64a4u.a(eewr_byte.o)
 .debug_line    0x00003bf4       0xa9 C:/Program Files (x86)/Atmel/Studio/7.0/Packs/Atmel/XMEGAA_DFP/1.2.141/gcc/dev/atxmega64a4u/avrxmega4\libatxmega64a4u.a(eerd_byte.o)

.debug_frame    0x00000000      0x7a4
 *(.debug_frame)
 .debug_frame   0x00000000       0x24 bootloader-crt0.o
 .debug_frame   0x00000024      0x548 bootloader-fw.o
 .debug_frame   0x0000056c      0x154 common.o
 .debug_frame   0x000006c0       0xe4 mtester.o

.debug_str      0x00000000    0x21507
 *(.debug_str)
 .debug_str     0x00000000     0x1aa8 C:/Program Files (x86)/Atmel/Studio/7.0/Packs/Atmel/XMEGAA_DFP/1.2.141/gcc/dev/atxmega64a4u/avrxmega4/crtatxmega64a4u.o
 .debug_str     0x00001aa8    0x1caa6 bootloader-crt0.o
                              0x1d0e2 (size before relaxing)
 .debug_str     0x0001e54e     0x2c46 bootloader-fw.o
                              0x1fe9a (size before relaxing)
 .debug_str     0x00021194      0x2af common.o
                              0x1e1e0 (size before relaxing)
 .debug_str     0x00021443       0xc4 mtester.o
                              0x1d72e (size before relaxing)

.debug_loc      0x00000000     0x3633
 *(.debug_loc)
 .debug_loc     0x00000000       0x33 bootloader-crt0.o
 .debug_loc     0x00000033     0x2cab bootloader-fw.o
 .debug_loc     0x00002cde      0x8a7 common.o
 .debug_loc     0x00003585       0xae mtester.o

.debug_macinfo
 *(.debug_macinfo)

.debug_weaknames
 *(.debug_weaknames)

.debug_funcnames
 *(.debug_funcnames)

.debug_typenames
 *(.debug_typenames)

.debug_varnames
 *(.debug_varnames)

.debug_pubtypes
 *(.debug_pubtypes)

.debug_ranges   0x00000000      0x608
 *(.debug_ranges)
 .debug_ranges  0x00000000       0x10 bootloader-crt0.o
 .debug_ranges  0x00000010      0x3f8 bootloader-fw.o
 .debug_ranges  0x00000408      0x198 common.o
 .debug_ranges  0x000005a0       0x68 mtester.o

.debug_macro    0x00000000     0xa2b7
 *(.debug_macro)
 .debug_macro   0x00000000      0xd19 bootloader-crt0.o
 .debug_macro   0x00000d19       0x16 bootloader-crt0.o
 .debug_macro   0x00000d2f      0x16d bootloader-crt0.o
 .debug_macro   0x00000e9c      0x1c9 bootloader-crt0.o
 .debug_macro   0x00001065       0x10 bootloader-crt0.o
 .debug_macro   0x00001075      0x302 bootloader-crt0.o
 .debug_macro   0x00001377       0x35 bootloader-crt0.o
 .debug_macro   0x000013ac       0xaa bootloader-crt0.o
 .debug_macro   0x00001456     0x5a60 bootloader-crt0.o
 .debug_macro   0x00006eb6       0x9a bootloader-crt0.o
 .debug_macro   0x00006f50       0xf1 bootloader-crt0.o
 .debug_macro   0x00007041       0x34 bootloader-crt0.o
 .debug_macro   0x00007075       0x16 bootloader-crt0.o
 .debug_macro   0x0000708b       0x18 bootloader-crt0.o
 .debug_macro   0x000070a3       0x5e bootloader-crt0.o
 .debug_macro   0x00007101      0x181 bootloader-crt0.o
 .debug_macro   0x00007282       0x69 bootloader-crt0.o
 .debug_macro   0x000072eb       0x68 bootloader-crt0.o
 .debug_macro   0x00007353       0x34 bootloader-crt0.o
 .debug_macro   0x00007387       0x10 bootloader-crt0.o
 .debug_macro   0x00007397      0x160 bootloader-crt0.o
 .debug_macro   0x000074f7       0x42 bootloader-crt0.o
 .debug_macro   0x00007539       0x33 bootloader-crt0.o
 .debug_macro   0x0000756c       0x16 bootloader-crt0.o
 .debug_macro   0x00007582       0x16 bootloader-crt0.o
 .debug_macro   0x00007598       0xd6 bootloader-crt0.o
 .debug_macro   0x0000766e       0x2e bootloader-crt0.o
 .debug_macro   0x0000769c      0x1b9 bootloader-crt0.o
 .debug_macro   0x00007855       0x16 bootloader-crt0.o
 .debug_macro   0x0000786b      0x155 bootloader-crt0.o
 .debug_macro   0x000079c0      0xe97 bootloader-fw.o
 .debug_macro   0x00008857       0x12 bootloader-fw.o
 .debug_macro   0x00008869      0xd23 common.o
 .debug_macro   0x0000958c      0xd2b mtester.o
OUTPUT(sb3.elf elf32-avr)
LOAD linker stubs

.appcrc         0x0000cffe        0x0

.bldrapp        0x0000d000      0xea8
 .bldrapp       0x0000d000      0xea8 bootloader-fw.o
                0x0000d47e                __vector_49
                0x0000d4ce                __vector_47

.bldrinit       0x00010000      0x19c
 .bldrinit      0x00010000      0x19c bootloader-crt0.o
                0x0001017e                __bldr_init

.bldrvec        0x00010200       0x40
 .bldrvec       0x00010200       0x40 bootloader-fw.o
                0x00010200                bldr_activate
                0x00010204                bldr_task
                0x00010208                bldr_process_basic_msg
                0x0001020c                bldr_reg_read
                0x00010210                sbn_init
                0x00010214                sbn_receive_msg
                0x00010218                sbn_send_msg
                0x0001021c                sbn_all_sent

.bootloader     0x00010242      0x1a8
 .bootloader    0x00010242      0x1a8 bootloader-fw.o
                0x00010242                bldr_start

.bldrcrc        0x00010dfe        0x0

.bldrstatic     0x00010c00      0x1d6
 .bldrstatic    0x00010c00      0x1d6 bootloader-fw.o

.bldrstatvec    0x00010ff0        0x8
 .bldrstatvec   0x00010ff0        0x8 bootloader-fw.o
                0x00010ff2                sbldr_e2prom_write
